Component: ARM Compiler 5.06 update 6 (build 750) Tool: armlink [4d35ed]

==============================================================================

Section Cross References

    startup_stm32f407xx.o(RESET) refers to startup_stm32f407xx.o(STACK) for __initial_sp
    startup_stm32f407xx.o(RESET) refers to startup_stm32f407xx.o(.text) for Reset_Handler
    startup_stm32f407xx.o(RESET) refers to stm32f4xx_it.o(i.SVC_Handler) for SVC_Handler
    startup_stm32f407xx.o(RESET) refers to stm32f4xx_it.o(i.PendSV_Handler) for PendSV_Handler
    startup_stm32f407xx.o(RESET) refers to stm32f4xx_it.o(i.SysTick_Handler) for SysTick_Handler
    startup_stm32f407xx.o(.text) refers to system_stm32f4xx.o(i.SystemInit) for SystemInit
    startup_stm32f407xx.o(.text) refers to entry.o(.ARM.Collect$$$$00000000) for __main
    diskio.o(i.disk_initialize) refers to ff_gen_drv.o(.bss) for disk
    diskio.o(i.disk_ioctl) refers to ff_gen_drv.o(.bss) for disk
    diskio.o(i.disk_read) refers to ff_gen_drv.o(.bss) for disk
    diskio.o(i.disk_status) refers to ff_gen_drv.o(.bss) for disk
    diskio.o(i.disk_write) refers to ff_gen_drv.o(.bss) for disk
    ff_gen_drv.o(i.FATFS_GetAttachedDriversNbr) refers to ff_gen_drv.o(.bss) for .bss
    ff_gen_drv.o(i.FATFS_LinkDriver) refers to ff_gen_drv.o(i.FATFS_LinkDriverEx) for FATFS_LinkDriverEx
    ff_gen_drv.o(i.FATFS_LinkDriverEx) refers to ff_gen_drv.o(.bss) for .bss
    ff_gen_drv.o(i.FATFS_UnLinkDriver) refers to ff_gen_drv.o(i.FATFS_UnLinkDriverEx) for FATFS_UnLinkDriverEx
    ff_gen_drv.o(i.FATFS_UnLinkDriverEx) refers to ff_gen_drv.o(.bss) for .bss
    ff.o(i.check_fs) refers to ff.o(i.move_window) for move_window
    ff.o(i.check_fs) refers to ff.o(i.ld_word) for ld_word
    ff.o(i.check_fs) refers to ff.o(i.ld_dword) for ld_dword
    ff.o(i.chk_lock) refers to ff.o(.bss) for .bss
    ff.o(i.clear_lock) refers to ff.o(.bss) for .bss
    ff.o(i.cmp_lfn) refers to ff.o(i.ld_word) for ld_word
    ff.o(i.cmp_lfn) refers to ccsbcs.o(i.ff_wtoupper) for ff_wtoupper
    ff.o(i.cmp_lfn) refers to ff.o(.constdata) for .constdata
    ff.o(i.create_chain) refers to ff.o(i.get_fat) for get_fat
    ff.o(i.create_chain) refers to ff.o(i.put_fat) for put_fat
    ff.o(i.create_name) refers to ccsbcs.o(i.ff_convert) for ff_convert
    ff.o(i.create_name) refers to ff.o(i.chk_chr) for chk_chr
    ff.o(i.create_name) refers to ff.o(i.mem_set) for mem_set
    ff.o(i.create_name) refers to ff.o(.constdata) for .constdata
    ff.o(i.dec_lock) refers to ff.o(.bss) for .bss
    ff.o(i.dir_find) refers to ff.o(i.dir_sdi) for dir_sdi
    ff.o(i.dir_find) refers to ff.o(i.move_window) for move_window
    ff.o(i.dir_find) refers to ff.o(i.cmp_lfn) for cmp_lfn
    ff.o(i.dir_find) refers to ff.o(i.sum_sfn) for sum_sfn
    ff.o(i.dir_find) refers to ff.o(i.dir_next) for dir_next
    ff.o(i.dir_next) refers to ff.o(i.get_fat) for get_fat
    ff.o(i.dir_next) refers to ff.o(i.create_chain) for create_chain
    ff.o(i.dir_next) refers to ff.o(i.sync_window) for sync_window
    ff.o(i.dir_next) refers to ff.o(i.mem_set) for mem_set
    ff.o(i.dir_next) refers to ff.o(i.clust2sect) for clust2sect
    ff.o(i.dir_read) refers to ff.o(i.move_window) for move_window
    ff.o(i.dir_read) refers to ff.o(i.pick_lfn) for pick_lfn
    ff.o(i.dir_read) refers to ff.o(i.dir_next) for dir_next
    ff.o(i.dir_read) refers to ff.o(i.sum_sfn) for sum_sfn
    ff.o(i.dir_register) refers to ff.o(i.mem_cpy) for mem_cpy
    ff.o(i.dir_register) refers to ff.o(i.gen_numname) for gen_numname
    ff.o(i.dir_register) refers to ff.o(i.dir_find) for dir_find
    ff.o(i.dir_register) refers to ff.o(i.dir_sdi) for dir_sdi
    ff.o(i.dir_register) refers to ff.o(i.move_window) for move_window
    ff.o(i.dir_register) refers to ff.o(i.dir_next) for dir_next
    ff.o(i.dir_register) refers to ff.o(i.sum_sfn) for sum_sfn
    ff.o(i.dir_register) refers to ff.o(i.st_word) for st_word
    ff.o(i.dir_register) refers to ff.o(i.mem_set) for mem_set
    ff.o(i.dir_register) refers to ff.o(.constdata) for .constdata
    ff.o(i.dir_remove) refers to ff.o(i.dir_sdi) for dir_sdi
    ff.o(i.dir_remove) refers to ff.o(i.move_window) for move_window
    ff.o(i.dir_remove) refers to ff.o(i.dir_next) for dir_next
    ff.o(i.dir_sdi) refers to ff.o(i.get_fat) for get_fat
    ff.o(i.dir_sdi) refers to ff.o(i.clust2sect) for clust2sect
    ff.o(i.f_close) refers to ff.o(i.f_sync) for f_sync
    ff.o(i.f_close) refers to ff.o(i.validate) for validate
    ff.o(i.f_close) refers to ff.o(i.dec_lock) for dec_lock
    ff.o(i.f_closedir) refers to ff.o(i.validate) for validate
    ff.o(i.f_closedir) refers to ff.o(i.dec_lock) for dec_lock
    ff.o(i.f_getfree) refers to ff.o(i.find_volume) for find_volume
    ff.o(i.f_getfree) refers to ff.o(i.get_fat) for get_fat
    ff.o(i.f_getfree) refers to ff.o(i.move_window) for move_window
    ff.o(i.f_getfree) refers to ff.o(i.ld_dword) for ld_dword
    ff.o(i.f_getfree) refers to ff.o(i.ld_word) for ld_word
[...]
    stm32f4xx_hal_spi.o(i.SPI_DMATransmitReceiveCplt) refers to stm32f4xx_hal.o(i.HAL_GetTick) for HAL_GetTick
    stm32f4xx_hal_spi.o(i.SPI_DMATransmitReceiveCplt) refers to stm32f4xx_hal_spi.o(i.SPI_CheckFlag_BSY) for SPI_CheckFlag_BSY
    stm32f4xx_hal_spi.o(i.SPI_DMATransmitReceiveCplt) refers to stm32f4xx_hal_spi.o(i.HAL_SPI_ErrorCallback) for HAL_SPI_ErrorCallback
    stm32f4xx_hal_spi.o(i.SPI_DMATransmitReceiveCplt) refers to stm32f4xx_hal_spi.o(i.HAL_SPI_TxRxCpltCallback) for HAL_SPI_TxRxCpltCallback
    stm32f4xx_hal_spi.o(i.SPI_DMATxAbortCallback) refers to stm32f4xx_hal_spi.o(i.HAL_SPI_AbortCpltCallback) for HAL_SPI_AbortCpltCallback
    stm32f4xx_hal_spi.o(i.SPI_DMATxAbortCallback) refers to system_stm32f4xx.o(.data) for SystemCoreClock
    stm32f4xx_hal_spi.o(i.SPI_RxISR_16BIT) refers to stm32f4xx_hal_spi.o(i.SPI_CloseRx_ISR) for SPI_CloseRx_ISR
    stm32f4xx_hal_spi.o(i.SPI_RxISR_8BIT) refers to stm32f4xx_hal_spi.o(i.SPI_CloseRx_ISR) for SPI_CloseRx_ISR
    stm32f4xx_hal_spi.o(i.SPI_TxISR_16BIT) refers to stm32f4xx_hal_spi.o(i.SPI_CloseTx_ISR) for SPI_CloseTx_ISR
    stm32f4xx_hal_spi.o(i.SPI_TxISR_8BIT) refers to stm32f4xx_hal_spi.o(i.SPI_CloseTx_ISR) for SPI_CloseTx_ISR
    stm32f4xx_hal_spi.o(i.SPI_WaitFlagStateUntilTimeout) refers to stm32f4xx_hal.o(i.HAL_GetTick) for HAL_GetTick
    system_stm32f4xx.o(i.SystemCoreClockUpdate) refers to system_stm32f4xx.o(.data) for .data
    system_stm32f4xx.o(i.SystemCoreClockUpdate) refers to system_stm32f4xx.o(.constdata) for .constdata
    entry.o(.ARM.Collect$$$$00000000) refers (Special) to entry10a.o(.ARM.Collect$$$$0000000D) for __rt_final_cpp
    entry.o(.ARM.Collect$$$$00000000) refers (Special) to entry11a.o(.ARM.Collect$$$$0000000F) for __rt_final_exit
    entry.o(.ARM.Collect$$$$00000000) refers (Special) to entry7b.o(.ARM.Collect$$$$00000008) for _main_clock
    entry.o(.ARM.Collect$$$$00000000) refers (Special) to entry8b.o(.ARM.Collect$$$$0000000A) for _main_cpp_init
    entry.o(.ARM.Collect$$$$00000000) refers (Special) to entry9a.o(.ARM.Collect$$$$0000000B) for _main_init
    entry.o(.ARM.Collect$$$$00000000) refers (Special) to entry5.o(.ARM.Collect$$$$00000004) for _main_scatterload
    entry.o(.ARM.Collect$$$$00000000) refers (Special) to entry2.o(.ARM.Collect$$$$00000001) for _main_stk
    uldiv.o(.text) refers to llushr.o(.text) for __aeabi_llsr
    uldiv.o(.text) refers to llshl.o(.text) for __aeabi_llsl
    dmul.o(.text) refers (Special) to iusefp.o(.text) for __I$use$fp
    dmul.o(.text) refers to depilogue.o(.text) for _double_epilogue
    dfltui.o(.text) refers (Special) to iusefp.o(.text) for __I$use$fp
    dfltui.o(.text) refers to depilogue.o(.text) for _double_epilogue
    dfixui.o(.text) refers (Special) to iusefp.o(.text) for __I$use$fp
    dfixui.o(.text) refers to llushr.o(.text) for __aeabi_llsr
    entry2.o(.ARM.Collect$$$$00000001) refers to entry2.o(.ARM.Collect$$$$00002712) for __lit__00000000
    entry2.o(.ARM.Collect$$$$00002712) refers to startup_stm32f407xx.o(STACK) for __initial_sp
    entry2.o(__vectab_stack_and_reset_area) refers to startup_stm32f407xx.o(STACK) for __initial_sp
    entry2.o(__vectab_stack_and_reset_area) refers to entry.o(.ARM.Collect$$$$00000000) for __main
    entry5.o(.ARM.Collect$$$$00000004) refers to init.o(.text) for __scatterload
    entry9a.o(.ARM.Collect$$$$0000000B) refers to main.o(i.main) for main
    entry9b.o(.ARM.Collect$$$$0000000C) refers to main.o(i.main) for main
    depilogue.o(.text) refers to llshl.o(.text) for __aeabi_llsl
    depilogue.o(.text) refers to llushr.o(.text) for __aeabi_llsr
    init.o(.text) refers to entry5.o(.ARM.Collect$$$$00000004) for __main_after_scatterload


==============================================================================

Removing Unused input sections from the image.

    Removing startup_stm32f407xx.o(HEAP), (512 bytes).
    Removing diskio.o(.rev16_text), (4 bytes).
    Removing diskio.o(.revsh_text), (4 bytes).
    Removing diskio.o(.rrx_text), (6 bytes).
    Removing diskio.o(i.get_fattime), (4 bytes).
    Removing ff_gen_drv.o(.rev16_text), (4 bytes).
    Removing ff_gen_drv.o(.revsh_text), (4 bytes).
    Removing ff_gen_drv.o(.rrx_text), (6 bytes).
    Removing ff_gen_drv.o(i.FATFS_GetAttachedDriversNbr), (12 bytes).
    Removing ff_gen_drv.o(i.FATFS_UnLinkDriver), (6 bytes).
    Removing ff_gen_drv.o(i.FATFS_UnLinkDriverEx), (52 bytes).
    Removing syscall.o(.rev16_text), (4 bytes).
    Removing syscall.o(.revsh_text), (4 bytes).
    Removing syscall.o(.rrx_text), (6 bytes).
    Removing ff.o(.rev16_text), (4 bytes).
    Removing ff.o(.revsh_text), (4 bytes).
    Removing ff.o(.rrx_text), (6 bytes).
    Removing ff.o(i.dir_read), (182 bytes).
    Removing ff.o(i.dir_remove), (78 bytes).
    Removing ff.o(i.f_closedir), (34 bytes).
    Removing ff.o(i.f_lseek), (570 bytes).
    Removing ff.o(i.f_mkdir), (336 bytes).
    Removing ff.o(i.f_mkfs), (1408 bytes).
    Removing ff.o(i.f_opendir), (130 bytes).
    Removing ff.o(i.f_printf), (460 bytes).
    Removing ff.o(i.f_putc), (30 bytes).
    Removing ff.o(i.f_readdir), (64 bytes).
    Removing ff.o(i.f_rename), (258 bytes).
    Removing ff.o(i.f_stat), (60 bytes).
    Removing ff.o(i.f_truncate), (162 bytes).
    Removing ff.o(i.f_unlink), (158 bytes).
    Removing ff.o(i.get_fileinfo), (232 bytes).
    Removing ff.o(i.pick_lfn), (116 bytes).
    Removing ccsbcs.o(.rev16_text), (4 bytes).
    Removing ccsbcs.o(.revsh_text), (4 bytes).
    Removing ccsbcs.o(.rrx_text), (6 bytes).
    Removing stm32f4xx_it.o(.rev16_text), (4 bytes).
    Removing stm32f4xx_it.o(.revsh_text), (4 bytes).
    Removing stm32f4xx_it.o(.rrx_text), (6 bytes).
    Removing stm32f4xx_hal_msp.o(.rev16_text), (4 bytes).
    Removing stm32f4xx_hal_msp.o(.revsh_text), (4 bytes).
    Removing stm32f4xx_hal_msp.o(.rrx_text), (6 bytes).
    Removing stm32f4xx_hal_msp.o(i.HAL_SPI_MspDeInit), (40 bytes).
    Removing user_diskio.o(.rev16_text), (4 bytes).
    Removing user_diskio.o(.revsh_text), (4 bytes).
    Removing user_diskio.o(.rrx_text), (6 bytes).
    Removing main.o(.rev16_text), (4 bytes).
    Removing main.o(.revsh_text), (4 bytes).
    Removing main.o(.rrx_text), (6 bytes).
    Removing main.o(i._Error_Handler), (2 bytes).
    Removing main.o(.data), (1 bytes).
    Removing fatfs.o(.rev16_text), (4 bytes).
    Removing fatfs.o(.revsh_text), (4 bytes).
    Removing fatfs.o(.rrx_text), (6 bytes).
    Removing fatfs.o(.bss), (4152 bytes).
    Removing fatfs.o(.bss), (4144 bytes).
    Removing fatfs_sd.o(.rev16_text), (4 bytes).
    Removing fatfs_sd.o(.revsh_text), (4 bytes).
    Removing fatfs_sd.o(.rrx_text), (6 bytes).
    Removing stm32f4xx_hal_flash_ramfunc.o(.rev16_text), (4 bytes).
    Removing stm32f4xx_hal_flash_ramfunc.o(.revsh_text), (4 bytes).
    Removing stm32f4xx_hal_flash_ramfunc.o(.rrx_text), (6 bytes).
    Removing stm32f4xx_hal_flash.o(.rev16_text), (4 bytes).
    Removing stm32f4xx_hal_flash.o(.revsh_text), (4 bytes).
    Removing stm32f4xx_hal_flash.o(.rrx_text), (6 bytes).
    Removing stm32f4xx_hal_flash.o(i.FLASH_Program_Byte), (32 bytes).
    Removing stm32f4xx_hal_flash.o(i.FLASH_Program_DoubleWord), (40 bytes).
    Removing stm32f4xx_hal_flash.o(i.FLASH_Program_HalfWord), (36 bytes).
    Removing stm32f4xx_hal_flash.o(i.FLASH_Program_Word), (36 bytes).
    Removing stm32f4xx_hal_flash.o(i.FLASH_SetErrorCode), (104 bytes).
    Removing stm32f4xx_hal_flash.o(i.FLASH_WaitForLastOperation), (80 bytes).
    Removing stm32f4xx_hal_flash.o(i.HAL_FLASH_EndOfOperationCallback), (2 bytes).
    Removing stm32f4xx_hal_flash.o(i.HAL_FLASH_GetError), (12 bytes).
    Removing stm32f4xx_hal_flash.o(i.HAL_FLASH_IRQHandler), (204 bytes).
    Removing stm32f4xx_hal_flash.o(i.HAL_FLASH_Lock), (20 bytes).
    Removing stm32f4xx_hal_flash.o(i.HAL_FLASH_OB_Launch), (24 bytes).
    Removing stm32f4xx_hal_flash.o(i.HAL_FLASH_OB_Lock), (20 bytes).
    Removing stm32f4xx_hal_flash.o(i.HAL_FLASH_OB_Unlock), (40 bytes).
    Removing stm32f4xx_hal_flash.o(i.HAL_FLASH_OperationErrorCallback), (2 bytes).
    Removing stm32f4xx_hal_flash.o(i.HAL_FLASH_Program), (124 bytes).
    Removing stm32f4xx_hal_flash.o(i.HAL_FLASH_Program_IT), (108 bytes).
    Removing stm32f4xx_hal_flash.o(i.HAL_FLASH_Unlock), (44 bytes).
    Removing stm32f4xx_hal_flash.o(.bss), (32 bytes).
    Removing stm32f4xx_hal.o(.rev16_text), (4 bytes).
    Removing stm32f4xx_hal.o(.revsh_text), (4 bytes).
    Removing stm32f4xx_hal.o(.rrx_text), (6 bytes).
    Removing stm32f4xx_hal.o(i.HAL_DBGMCU_DisableDBGSleepMode), (16 bytes).
    Removing stm32f4xx_hal.o(i.HAL_DBGMCU_DisableDBGStandbyMode), (16 bytes).
    Removing stm32f4xx_hal.o(i.HAL_DBGMCU_DisableDBGStopMode), (16 bytes).
    Removing stm32f4xx_hal.o(i.HAL_DBGMCU_EnableDBGSleepMode), (16 bytes).
    Removing stm32f4xx_hal.o(i.HAL_DBGMCU_EnableDBGStandbyMode), (16 bytes).
    Removing stm32f4xx_hal.o(i.HAL_DBGMCU_EnableDBGStopMode), (16 bytes).
    Removing stm32f4xx_hal.o(i.HAL_DeInit), (52 bytes).
    Removing stm32f4xx_hal.o(i.HAL_Delay), (36 bytes).
    Removing stm32f4xx_hal.o(i.HAL_DisableCompensationCell), (12 bytes).
    Removing stm32f4xx_hal.o(i.HAL_EnableCompensationCell), (12 bytes).
    Removing stm32f4xx_hal.o(i.HAL_GetDEVID), (16 bytes).
    Removing stm32f4xx_hal.o(i.HAL_GetHalVersion), (8 bytes).
    Removing stm32f4xx_hal.o(i.HAL_GetREVID), (12 bytes).
    Removing stm32f4xx_hal.o(i.HAL_GetTickFreq), (12 bytes).
    Removing stm32f4xx_hal.o(i.HAL_GetTickPrio), (12 bytes).
    Removing stm32f4xx_hal.o(i.HAL_GetUID), (28 bytes).
    Removing stm32f4xx_hal.o(i.HAL_MspDeInit), (2 bytes).
    Removing stm32f4xx_hal.o(i.HAL_MspInit), (2 bytes).
    Removing stm32f4xx_hal.o(i.HAL_ResumeTick), (14 bytes).
    Removing stm32f4xx_hal.o(i.HAL_SetTickFreq), (28 bytes).
    Removing stm32f4xx_hal.o(i.HAL_SuspendTick), (14 bytes).
    Removing stm32f4xx_hal_rcc_ex.o(.rev16_text), (4 bytes).
    Removing stm32f4xx_hal_rcc_ex.o(.revsh_text), (4 bytes).
    Removing stm32f4xx_hal_rcc_ex.o(.rrx_text), (6 bytes).
    Removing stm32f4xx_hal_rcc_ex.o(i.HAL_RCCEx_DisablePLLI2S), (52 bytes).
    Removing stm32f4xx_hal_rcc_ex.o(i.HAL_RCCEx_EnablePLLI2S), (104 bytes).
    Removing stm32f4xx_hal_rcc_ex.o(i.HAL_RCCEx_GetPeriphCLKConfig), (52 bytes).
    Removing stm32f4xx_hal_rcc_ex.o(i.HAL_RCCEx_GetPeriphCLKFreq), (92 bytes).
    Removing stm32f4xx_hal_rcc_ex.o(i.HAL_RCCEx_PeriphCLKConfig), (316 bytes).
    Removing stm32f4xx_hal_rcc_ex.o(i.HAL_RCC_DeInit), (304 bytes).
    Removing stm32f4xx_hal_cortex.o(.rev16_text), (4 bytes).
    Removing stm32f4xx_hal_cortex.o(.revsh_text), (4 bytes).
    Removing stm32f4xx_hal_cortex.o(.rrx_text), (6 bytes).
    Removing stm32f4xx_hal_cortex.o(i.HAL_MPU_ConfigRegion), (84 bytes).
    Removing stm32f4xx_hal_cortex.o(i.HAL_MPU_Disable), (28 bytes).
    Removing stm32f4xx_hal_cortex.o(i.HAL_MPU_Enable), (36 bytes).
    Removing stm32f4xx_hal_cortex.o(i.HAL_NVIC_ClearPendingIRQ), (22 bytes).
    Removing stm32f4xx_hal_cortex.o(i.HAL_NVIC_DisableIRQ), (22 bytes).
    Removing stm32f4xx_hal_cortex.o(i.HAL_NVIC_EnableIRQ), (22 bytes).
    Removing stm32f4xx_hal_cortex.o(i.HAL_NVIC_GetActive), (32 bytes).
    Removing stm32f4xx_hal_cortex.o(i.HAL_NVIC_GetPendingIRQ), (32 bytes).
    Removing stm32f4xx_hal_cortex.o(i.HAL_NVIC_GetPriority), (82 bytes).
    Removing stm32f4xx_hal_cortex.o(i.HAL_NVIC_GetPriorityGrouping), (16 bytes).
    Removing stm32f4xx_hal_cortex.o(i.HAL_NVIC_SetPendingIRQ), (22 bytes).
    Removing stm32f4xx_hal_cortex.o(i.HAL_NVIC_SystemReset), (36 bytes).
    Removing stm32f4xx_hal_gpio.o(.rev16_text), (4 bytes).
    Removing stm32f4xx_hal_gpio.o(.revsh_text), (4 bytes).
    Removing stm32f4xx_hal_gpio.o(.rrx_text), (6 bytes).
    Removing stm32f4xx_hal_gpio.o(i.HAL_GPIO_DeInit), (328 bytes).
    Removing stm32f4xx_hal_gpio.o(i.HAL_GPIO_EXTI_Callback), (2 bytes).
    Removing stm32f4xx_hal_gpio.o(i.HAL_GPIO_EXTI_IRQHandler), (24 bytes).
    Removing stm32f4xx_hal_gpio.o(i.HAL_GPIO_LockPin), (34 bytes).
    Removing stm32f4xx_hal_gpio.o(i.HAL_GPIO_ReadPin), (10 bytes).
    Removing stm32f4xx_hal_gpio.o(i.HAL_GPIO_TogglePin), (8 bytes).
    Removing stm32f4xx_hal_pwr.o(.rev16_text), (4 bytes).
    Removing stm32f4xx_hal_pwr.o(.revsh_text), (4 bytes).
    Removing stm32f4xx_hal_pwr.o(.rrx_text), (6 bytes).
    Removing stm32f4xx_hal_pwr.o(i.HAL_PWR_ConfigPVD), (124 bytes).
    Removing stm32f4xx_hal_pwr.o(i.HAL_PWR_DeInit), (24 bytes).
    Removing stm32f4xx_hal_pwr.o(i.HAL_PWR_DisableBkUpAccess), (12 bytes).
    Removing stm32f4xx_hal_pwr.o(i.HAL_PWR_DisablePVD), (12 bytes).
    Removing stm32f4xx_hal_pwr.o(i.HAL_PWR_DisableSEVOnPend), (16 bytes).
    Removing stm32f4xx_hal_pwr.o(i.HAL_PWR_DisableSleepOnExit), (16 bytes).
    Removing stm32f4xx_hal_pwr.o(i.HAL_PWR_DisableWakeUpPin), (16 bytes).
    Removing stm32f4xx_hal_pwr.o(i.HAL_PWR_EnableBkUpAccess), (12 bytes).
    Removing stm32f4xx_hal_pwr.o(i.HAL_PWR_EnablePVD), (12 bytes).
    Removing stm32f4xx_hal_pwr.o(i.HAL_PWR_EnableSEVOnPend), (16 bytes).
    Removing stm32f4xx_hal_pwr.o(i.HAL_PWR_EnableSleepOnExit), (16 bytes).
    Removing stm32f4xx_hal_pwr.o(i.HAL_PWR_EnableWakeUpPin), (16 bytes).
    Removing stm32f4xx_hal_pwr.o(i.HAL_PWR_EnterSLEEPMode), (32 bytes).
    Removing stm32f4xx_hal_pwr.o(i.HAL_PWR_EnterSTANDBYMode), (32 bytes).
    Removing stm32f4xx_hal_pwr.o(i.HAL_PWR_EnterSTOPMode), (56 bytes).
    Removing stm32f4xx_hal_pwr.o(i.HAL_PWR_PVDCallback), (2 bytes).
    Removing stm32f4xx_hal_pwr.o(i.HAL_PWR_PVD_IRQHandler), (28 bytes).
    Removing stm32f4xx_hal_dma.o(.rev16_text), (4 bytes).
    Removing stm32f4xx_hal_dma.o(.revsh_text), (4 bytes).
    Removing stm32f4xx_hal_dma.o(.rrx_text), (6 bytes).
    Removing stm32f4xx_hal_dma.o(i.DMA_CalcBaseAndBitshift), (40 bytes).
    Removing stm32f4xx_hal_dma.o(i.DMA_CheckFifoParam), (84 bytes).
    Removing stm32f4xx_hal_dma.o(i.DMA_SetConfig), (40 bytes).
    Removing stm32f4xx_hal_dma.o(i.HAL_DMA_Abort), (142 bytes).
    Removing stm32f4xx_hal_dma.o(i.HAL_DMA_Abort_IT), (36 bytes).
    Removing stm32f4xx_hal_dma.o(i.HAL_DMA_DeInit), (86 bytes).
    Removing stm32f4xx_hal_dma.o(i.HAL_DMA_GetError), (4 bytes).
    Removing stm32f4xx_hal_dma.o(i.HAL_DMA_GetState), (6 bytes).
    Removing stm32f4xx_hal_dma.o(i.HAL_DMA_IRQHandler), (416 bytes).
    Removing stm32f4xx_hal_dma.o(i.HAL_DMA_Init), (212 bytes).
    Removing stm32f4xx_hal_dma.o(i.HAL_DMA_PollForTransfer), (292 bytes).
    Removing stm32f4xx_hal_dma.o(i.HAL_DMA_RegisterCallback), (80 bytes).
    Removing stm32f4xx_hal_dma.o(i.HAL_DMA_Start), (70 bytes).
    Removing stm32f4xx_hal_dma.o(i.HAL_DMA_Start_IT), (120 bytes).
    Removing stm32f4xx_hal_dma.o(i.HAL_DMA_UnRegisterCallback), (96 bytes).
    Removing stm32f4xx_hal_dma.o(.constdata), (8 bytes).
    Removing stm32f4xx_hal_dma_ex.o(.rev16_text), (4 bytes).
    Removing stm32f4xx_hal_dma_ex.o(.revsh_text), (4 bytes).
    Removing stm32f4xx_hal_dma_ex.o(.rrx_text), (6 bytes).
    Removing stm32f4xx_hal_dma_ex.o(i.DMA_MultiBufferSetConfig), (30 bytes).
    Removing stm32f4xx_hal_dma_ex.o(i.HAL_DMAEx_ChangeMemory), (14 bytes).
    Removing stm32f4xx_hal_dma_ex.o(i.HAL_DMAEx_MultiBufferStart), (100 bytes).
    Removing stm32f4xx_hal_dma_ex.o(i.HAL_DMAEx_MultiBufferStart_IT), (2432 bytes).
    Removing stm32f4xx_hal_rcc.o(.rev16_text), (4 bytes).
    Removing stm32f4xx_hal_rcc.o(.revsh_text), (4 bytes).
    Removing stm32f4xx_hal_rcc.o(.rrx_text), (6 bytes).
    Removing stm32f4xx_hal_rcc.o(i.HAL_RCC_CSSCallback), (2 bytes).
    Removing stm32f4xx_hal_rcc.o(i.HAL_RCC_DeInit), (4 bytes).
    Removing stm32f4xx_hal_rcc.o(i.HAL_RCC_DisableCSS), (12 bytes).
    Removing stm32f4xx_hal_rcc.o(i.HAL_RCC_EnableCSS), (12 bytes).
    Removing stm32f4xx_hal_rcc.o(i.HAL_RCC_GetClockConfig), (64 bytes).
    Removing stm32f4xx_hal_rcc.o(i.HAL_RCC_GetOscConfig), (180 bytes).
    Removing stm32f4xx_hal_rcc.o(i.HAL_RCC_GetPCLK1Freq), (32 bytes).
    Removing stm32f4xx_hal_rcc.o(i.HAL_RCC_GetPCLK2Freq), (32 bytes).
    Removing stm32f4xx_hal_rcc.o(i.HAL_RCC_MCOConfig), (140 bytes).
    Removing stm32f4xx_hal_rcc.o(i.HAL_RCC_NMI_IRQHandler), (28 bytes).
    Removing stm32f4xx_hal_tim.o(.rev16_text), (4 bytes).
    Removing stm32f4xx_hal_tim.o(.revsh_text), (4 bytes).
    Removing stm32f4xx_hal_tim.o(.rrx_text), (6 bytes).
    Removing stm32f4xx_hal_tim_ex.o(.rev16_text), (4 bytes).
    Removing stm32f4xx_hal_tim_ex.o(.revsh_text), (4 bytes).
    Removing stm32f4xx_hal_tim_ex.o(.rrx_text), (6 bytes).
    Removing stm32f4xx_hal_flash_ex.o(.rev16_text), (4 bytes).
    Removing stm32f4xx_hal_flash_ex.o(.revsh_text), (4 bytes).
    Removing stm32f4xx_hal_flash_ex.o(.rrx_text), (6 bytes).
    Removing stm32f4xx_hal_flash_ex.o(i.FLASH_Erase_Sector), (80 bytes).
    Removing stm32f4xx_hal_flash_ex.o(i.FLASH_FlushCaches), (84 bytes).
    Removing stm32f4xx_hal_flash_ex.o(i.FLASH_MassErase), (40 bytes).
    Removing stm32f4xx_hal_flash_ex.o(i.HAL_FLASHEx_Erase), (152 bytes).
    Removing stm32f4xx_hal_flash_ex.o(i.HAL_FLASHEx_Erase_IT), (104 bytes).
    Removing stm32f4xx_hal_flash_ex.o(i.HAL_FLASHEx_OBGetConfig), (64 bytes).
    Removing stm32f4xx_hal_flash_ex.o(i.HAL_FLASHEx_OBProgram), (204 bytes).
    Removing stm32f4xx_hal_pwr_ex.o(.rev16_text), (4 bytes).
    Removing stm32f4xx_hal_pwr_ex.o(.revsh_text), (4 bytes).
    Removing stm32f4xx_hal_pwr_ex.o(.rrx_text), (6 bytes).
    Removing stm32f4xx_hal_pwr_ex.o(i.HAL_PWREx_ControlVoltageScaling), (88 bytes).
    Removing stm32f4xx_hal_pwr_ex.o(i.HAL_PWREx_DisableBkUpReg), (60 bytes).
    Removing stm32f4xx_hal_pwr_ex.o(i.HAL_PWREx_DisableFlashPowerDown), (12 bytes).
    Removing stm32f4xx_hal_pwr_ex.o(i.HAL_PWREx_EnableBkUpReg), (60 bytes).
    Removing stm32f4xx_hal_pwr_ex.o(i.HAL_PWREx_EnableFlashPowerDown), (12 bytes).
    Removing stm32f4xx_hal_pwr_ex.o(i.HAL_PWREx_GetVoltageRange), (16 bytes).
    Removing stm32f4xx_hal_spi.o(.rev16_text), (4 bytes).
    Removing stm32f4xx_hal_spi.o(.revsh_text), (4 bytes).
    Removing stm32f4xx_hal_spi.o(.rrx_text), (6 bytes).
    Removing stm32f4xx_hal_spi.o(i.HAL_SPI_Abort), (192 bytes).
    Removing stm32f4xx_hal_spi.o(i.HAL_SPI_AbortCpltCallback), (2 bytes).
    Removing stm32f4xx_hal_spi.o(i.HAL_SPI_Abort_IT), (232 bytes).
    Removing stm32f4xx_hal_spi.o(i.HAL_SPI_DMAPause), (38 bytes).
    Removing stm32f4xx_hal_spi.o(i.HAL_SPI_DMAResume), (38 bytes).
    Removing stm32f4xx_hal_spi.o(i.HAL_SPI_DMAStop), (40 bytes).
    Removing stm32f4xx_hal_spi.o(i.HAL_SPI_DeInit), (46 bytes).
    Removing stm32f4xx_hal_spi.o(i.HAL_SPI_ErrorCallback), (2 bytes).
    Removing stm32f4xx_hal_spi.o(i.HAL_SPI_GetError), (4 bytes).
    Removing stm32f4xx_hal_spi.o(i.HAL_SPI_IRQHandler), (212 bytes).
    Removing stm32f4xx_hal_spi.o(i.HAL_SPI_MspDeInit), (2 bytes).
    Removing stm32f4xx_hal_spi.o(i.HAL_SPI_MspInit), (2 bytes).
    Removing stm32f4xx_hal_spi.o(i.HAL_SPI_Receive), (336 bytes).
    Removing stm32f4xx_hal_spi.o(i.HAL_SPI_Receive_DMA), (212 bytes).
    Removing stm32f4xx_hal_spi.o(i.HAL_SPI_Receive_IT), (164 bytes).
    Removing stm32f4xx_hal_spi.o(i.HAL_SPI_RxCpltCallback), (2 bytes).
    Removing stm32f4xx_hal_spi.o(i.HAL_SPI_RxHalfCpltCallback), (2 bytes).
    Removing stm32f4xx_hal_spi.o(i.HAL_SPI_TransmitReceive_DMA), (264 bytes).
    Removing stm32f4xx_hal_spi.o(i.HAL_SPI_TransmitReceive_IT), (164 bytes).
    Removing stm32f4xx_hal_spi.o(i.HAL_SPI_Transmit_DMA), (184 bytes).
    Removing stm32f4xx_hal_spi.o(i.HAL_SPI_Transmit_IT), (152 bytes).
    Removing stm32f4xx_hal_spi.o(i.HAL_SPI_TxCpltCallback), (2 bytes).
    Removing stm32f4xx_hal_spi.o(i.HAL_SPI_TxHalfCpltCallback), (2 bytes).
    Removing stm32f4xx_hal_spi.o(i.HAL_SPI_TxRxCpltCallback), (2 bytes).
    Removing stm32f4xx_hal_spi.o(i.HAL_SPI_TxRxHalfCpltCallback), (2 bytes).
    Removing stm32f4xx_hal_spi.o(i.SPI_2linesRxISR_16BIT), (48 bytes).
    Removing stm32f4xx_hal_spi.o(i.SPI_2linesRxISR_8BIT), (46 bytes).
    Removing stm32f4xx_hal_spi.o(i.SPI_2linesTxISR_16BIT), (48 bytes).
    Removing stm32f4xx_hal_spi.o(i.SPI_2linesTxISR_8BIT), (46 bytes).
    Removing stm32f4xx_hal_spi.o(i.SPI_AbortRx_ISR), (80 bytes).
    Removing stm32f4xx_hal_spi.o(i.SPI_AbortTx_ISR), (22 bytes).
    Removing stm32f4xx_hal_spi.o(i.SPI_CloseRxTx_ISR), (144 bytes).
    Removing stm32f4xx_hal_spi.o(i.SPI_CloseRx_ISR), (78 bytes).
    Removing stm32f4xx_hal_spi.o(i.SPI_CloseTx_ISR), (124 bytes).
    Removing stm32f4xx_hal_spi.o(i.SPI_DMAAbortOnError), (16 bytes).
    Removing stm32f4xx_hal_spi.o(i.SPI_DMAError), (34 bytes).
    Removing stm32f4xx_hal_spi.o(i.SPI_DMAHalfReceiveCplt), (10 bytes).
    Removing stm32f4xx_hal_spi.o(i.SPI_DMAHalfTransmitCplt), (10 bytes).
    Removing stm32f4xx_hal_spi.o(i.SPI_DMAHalfTransmitReceiveCplt), (10 bytes).
    Removing stm32f4xx_hal_spi.o(i.SPI_DMAReceiveCplt), (82 bytes).
    Removing stm32f4xx_hal_spi.o(i.SPI_DMARxAbortCallback), (70 bytes).
    Removing stm32f4xx_hal_spi.o(i.SPI_DMATransmitCplt), (90 bytes).
    Removing stm32f4xx_hal_spi.o(i.SPI_DMATransmitReceiveCplt), (80 bytes).
    Removing stm32f4xx_hal_spi.o(i.SPI_DMATxAbortCallback), (104 bytes).
    Removing stm32f4xx_hal_spi.o(i.SPI_RxISR_16BIT), (32 bytes).
    Removing stm32f4xx_hal_spi.o(i.SPI_RxISR_8BIT), (30 bytes).
    Removing stm32f4xx_hal_spi.o(i.SPI_TxISR_16BIT), (32 bytes).
    Removing stm32f4xx_hal_spi.o(i.SPI_TxISR_8BIT), (30 bytes).
    Removing system_stm32f4xx.o(.rev16_text), (4 bytes).
    Removing system_stm32f4xx.o(.revsh_text), (4 bytes).
    Removing system_stm32f4xx.o(.rrx_text), (6 bytes).
    Removing system_stm32f4xx.o(i.SystemCoreClockUpdate), (120 bytes).
    Removing system_stm32f4xx.o(.constdata), (8 bytes).

280 unused section(s) (total 26581 bytes) removed from the image.

==============================================================================

Image Symbol Table

    Local Symbols

    Symbol Name                              Value     Ov Type        Size  Object(Section)

    ..//Src/system_stm32f4xx.c               0x00000000   Number         0  system_stm32f4xx.o ABSOLUTE
    ../Drivers/STM32F4xx_HAL_Driver/Src/stm32f4xx_hal.c 0x00000000   Number         0  stm32f4xx_hal.o ABSOLUTE
    ../Drivers/STM32F4xx_HAL_Driver/Src/stm32f4xx_hal_cortex.c 0x00000000   Number         0  stm32f4xx_hal_cortex.o ABSOLUTE
    ../Drivers/STM32F4xx_HAL_Driver/Src/stm32f4xx_hal_dma.c 0x00000000   Number         0  stm32f4xx_hal_dma.o ABSOLUTE
    ../Drivers/STM32F4xx_HAL_Driver/Src/stm32f4xx_hal_dma_ex.c 0x00000000   Number         0  stm32f4xx_hal_dma_ex.o ABSOLUTE
    ../Drivers/STM32F4xx_HAL_Driver/Src/stm32f4xx_hal_flash.c 0x00000000   Number         0  stm32f4xx_hal_flash.o ABSOLUTE
    ../Drivers/STM32F4xx_HAL_Driver/Src/stm32f4xx_hal_flash_ex.c 0x00000000   Number         0  stm32f4xx_hal_flash_ex.o ABSOLUTE
    ../Drivers/STM32F4xx_HAL_Driver/Src/stm32f4xx_hal_flash_ramfunc.c 0x00000000   Number         0  stm32f4xx_hal_flash_ramfunc.o ABSOLUTE
    ../Drivers/STM32F4xx_HAL_Driver/Src/stm32f4xx_hal_gpio.c 0x00000000   Number         0  stm32f4xx_hal_gpio.o ABSOLUTE
    ../Drivers/STM32F4xx_HAL_Driver/Src/stm32f4xx_hal_pwr.c 0x00000000   Number         0  stm32f4xx_hal_pwr.o ABSOLUTE
    ../Drivers/STM32F4xx_HAL_Driver/Src/stm32f4xx_hal_pwr_ex.c 0x00000000   Number         0  stm32f4xx_hal_pwr_ex.o ABSOLUTE
    ../Drivers/STM32F4xx_HAL_Driver/Src/stm32f4xx_hal_rcc.c 0x00000000   Number         0  stm32f4xx_hal_rcc.o ABSOLUTE
    ../Drivers/STM32F4xx_HAL_Driver/Src/stm32f4xx_hal_rcc_ex.c 0x00000000   Number         0  stm32f4xx_hal_rcc_ex.o ABSOLUTE
    ../Drivers/STM32F4xx_HAL_Driver/Src/stm32f4xx_hal_spi.c 0x00000000   Number         0  stm32f4xx_hal_spi.o ABSOLUTE
    ../Drivers/STM32F4xx_HAL_Driver/Src/stm32f4xx_hal_tim.c 0x00000000   Number         0  stm32f4xx_hal_tim.o ABSOLUTE
    ../Drivers/STM32F4xx_HAL_Driver/Src/stm32f4xx_hal_tim_ex.c 0x00000000   Number         0  stm32f4xx_hal_tim_ex.o ABSOLUTE
    ../Middlewares/Third_Party/FatFs/src/diskio.c 0x00000000   Number         0  diskio.o ABSOLUTE
    ../Middlewares/Third_Party/FatFs/src/ff.c 0x00000000   Number         0  ff.o ABSOLUTE
    ../Middlewares/Third_Party/FatFs/src/ff_gen_drv.c 0x00000000   Number         0  ff_gen_drv.o ABSOLUTE
    ../Middlewares/Third_Party/FatFs/src/option/ccsbcs.c 0x00000000   Number         0  ccsbcs.o ABSOLUTE
    ../Middlewares/Third_Party/FatFs/src/option/syscall.c 0x00000000   Number         0  syscall.o ABSOLUTE
    ../Src/fatfs.c                           0x00000000   Number         0  fatfs.o ABSOLUTE
    ../Src/main.c                            0x00000000   Number         0  main.o ABSOLUTE
    ../Src/stm32f4xx_hal_msp.c               0x00000000   Number         0  stm32f4xx_hal_msp.o ABSOLUTE
    ../Src/stm32f4xx_it.c                    0x00000000   Number         0  stm32f4xx_it.o ABSOLUTE
    ../Src/user_diskio.c                     0x00000000   Number         0  user_diskio.o ABSOLUTE
    ../clib/microlib/division.c              0x00000000   Number         0  uldiv.o ABSOLUTE
    ../clib/microlib/init/entry.s            0x00000000   Number         0  entry2.o ABSOLUTE
    ../clib/microlib/init/entry.s            0x00000000   Number         0  entry11b.o ABSOLUTE
    ../clib/microlib/init/entry.s            0x00000000   Number         0  entry9b.o ABSOLUTE
    ../clib/microlib/init/entry.s            0x00000000   Number         0  entry9a.o ABSOLUTE
    ../clib/microlib/init/entry.s            0x00000000   Number         0  entry.o ABSOLUTE
    ../clib/microlib/init/entry.s            0x00000000   Number         0  entry8b.o ABSOLUTE
    ../clib/microlib/init/entry.s            0x00000000   Number         0  entry8a.o ABSOLUTE
    ../clib/microlib/init/entry.s            0x00000000   Number         0  entry7b.o ABSOLUTE
    ../clib/microlib/init/entry.s            0x00000000   Number         0  entry7a.o ABSOLUTE
    ../clib/microlib/init/entry.s            0x00000000   Number         0  entry5.o ABSOLUTE
    ../clib/microlib/init/entry.s            0x00000000   Number         0  entry10a.o ABSOLUTE
    ../clib/microlib/init/entry.s            0x00000000   Number         0  entry10b.o ABSOLUTE
    ../clib/microlib/init/entry.s            0x00000000   Number         0  entry11a.o ABSOLUTE
    ../clib/microlib/longlong.c              0x00000000   Number         0  llushr.o ABSOLUTE
    ../clib/microlib/longlong.c              0x00000000   Number         0  llshl.o ABSOLUTE
    ../clib/microlib/stubs.s                 0x00000000   Number         0  iusefp.o ABSOLUTE
    ../fplib/microlib/fpepilogue.c           0x00000000   Number         0  depilogue.o ABSOLUTE
    ../fplib/microlib/fpfix.c                0x00000000   Number         0  dfixui.o ABSOLUTE
    ../fplib/microlib/fpflt.c                0x00000000   Number         0  dfltui.o ABSOLUTE
    ../fplib/microlib/fpmul.c                0x00000000   Number         0  dmul.o ABSOLUTE
    ..\..\..\Downloads\STM32_SPI_SDCARD-master (1)\STM32_SPI_SDCARD-master\Src\fatfs_sd.c 0x00000000   Number         0  fatfs_sd.o ABSOLUTE
    ..\Drivers\STM32F4xx_HAL_Driver\Src\stm32f4xx_hal.c 0x00000000   Number         0  stm32f4xx_hal.o ABSOLUTE
    ..\Drivers\STM32F4xx_HAL_Driver\Src\stm32f4xx_hal_cortex.c 0x00000000   Number         0  stm32f4xx_hal_cortex.o ABSOLUTE
    ..\Drivers\STM32F4xx_HAL_Driver\Src\stm32f4xx_hal_dma.c 0x00000000   Number         0  stm32f4xx_hal_dma.o ABSOLUTE
    ..\Drivers\STM32F4xx_HAL_Driver\Src\stm32f4xx_hal_dma_ex.c 0x00000000   Number         0  stm32f4xx_hal_dma_ex.o ABSOLUTE
    ..\Drivers\STM32F4xx_HAL_Driver\Src\stm32f4xx_hal_flash.c 0x00000000   Number         0  stm32f4xx_hal_flash.o ABSOLUTE
    ..\Drivers\STM32F4xx_HAL_Driver\Src\stm32f4xx_hal_flash_ex.c 0x00000000   Number         0  stm32f4xx_hal_flash_ex.o ABSOLUTE
    ..\Drivers\STM32F4xx_HAL_Driver\Src\stm32f4xx_hal_flash_ramfunc.c 0x00000000   Number         0  stm32f4xx_hal_flash_ramfunc.o ABSOLUTE
    ..\Drivers\STM32F4xx_HAL_Driver\Src\stm32f4xx_hal_gpio.c 0x00000000   Number         0  stm32f4xx_hal_gpio.o ABSOLUTE
    ..\Drivers\STM32F4xx_HAL_Driver\Src\stm32f4xx_hal_pwr.c 0x00000000   Number         0  stm32f4xx_hal_pwr.o ABSOLUTE
    ..\Drivers\STM32F4xx_HAL_Driver\Src\stm32f4xx_hal_pwr_ex.c 0x00000000   Number         0  stm32f4xx_hal_pwr_ex.o ABSOLUTE
    ..\Drivers\STM32F4xx_HAL_Driver\Src\stm32f4xx_hal_rcc.c 0x00000000   Number         0  stm32f4xx_hal_rcc.o ABSOLUTE
    ..\Drivers\STM32F4xx_HAL_Driver\Src\stm32f4xx_hal_rcc_ex.c 0x00000000   Number         0  stm32f4xx_hal_rcc_ex.o ABSOLUTE
    ..\Drivers\STM32F4xx_HAL_Driver\Src\stm32f4xx_hal_spi.c 0x00000000   Number         0  stm32f4xx_hal_spi.o ABSOLUTE
    ..\Drivers\STM32F4xx_HAL_Driver\Src\stm32f4xx_hal_tim.c 0x00000000   Number         0  stm32f4xx_hal_tim.o ABSOLUTE
    ..\Drivers\STM32F4xx_HAL_Driver\Src\stm32f4xx_hal_tim_ex.c 0x00000000   Number         0  stm32f4xx_hal_tim_ex.o ABSOLUTE
    ..\Middlewares\Third_Party\FatFs\src\diskio.c 0x00000000   Number         0  diskio.o ABSOLUTE
    ..\Middlewares\Third_Party\FatFs\src\ff.c 0x00000000   Number         0  ff.o ABSOLUTE
    ..\Middlewares\Third_Party\FatFs\src\ff_gen_drv.c 0x00000000   Number         0  ff_gen_drv.o ABSOLUTE
    ..\Middlewares\Third_Party\FatFs\src\option\ccsbcs.c 0x00000000   Number         0  ccsbcs.o ABSOLUTE
    ..\Middlewares\Third_Party\FatFs\src\option\syscall.c 0x00000000   Number         0  syscall.o ABSOLUTE
    ..\Src\fatfs.c                           0x00000000   Number         0  fatfs.o ABSOLUTE
    ..\Src\main.c                            0x00000000   Number         0  main.o ABSOLUTE
    ..\Src\stm32f4xx_hal_msp.c               0x00000000   Number         0  stm32f4xx_hal_msp.o ABSOLUTE
    ..\Src\stm32f4xx_it.c                    0x00000000   Number         0  stm32f4xx_it.o ABSOLUTE
    ..\Src\user_diskio.c                     0x00000000   Number         0  user_diskio.o ABSOLUTE
    ..\\..\\..\\Downloads\\STM32_SPI_SDCARD-master (1)\\STM32_SPI_SDCARD-master\\Src\\fatfs_sd.c 0x00000000   Number         0  fatfs_sd.o ABSOLUTE
    ..\\Src\system_stm32f4xx.c               0x00000000   Number         0  system_stm32f4xx.o ABSOLUTE
    dc.s                                     0x00000000   Number         0  dc.o ABSOLUTE
    handlers.s                               0x00000000   Number         0  handlers.o ABSOLUTE
    init.s                                   0x00000000   Number         0  init.o ABSOLUTE
    startup_stm32f407xx.s                    0x00000000   Number         0  startup_stm32f407xx.o ABSOLUTE
    RESET                                    0x08000000   Section      392  startup_stm32f407xx.o(RESET)
    .ARM.Collect$$$$00000000                 0x08000188   Section        0  entry.o(.ARM.Collect$$$$00000000)
    .ARM.Collect$$$$00000001                 0x08000188   Section        4  entry2.o(.ARM.Collect$$$$00000001)
    .ARM.Collect$$$$00000004                 0x0800018c   Section        4  entry5.o(.ARM.Collect$$$$00000004)
    .ARM.Collect$$$$00000008                 0x08000190   Section        0  entry7b.o(.ARM.Collect$$$$00000008)
    .ARM.Collect$$$$0000000A                 0x08000190   Section        0  entry8b.o(.ARM.Collect$$$$0000000A)
    .ARM.Collect$$$$0000000B                 0x08000190   Section        8  entry9a.o(.ARM.Collect$$$$0000000B)
    .ARM.Collect$$$$0000000D                 0x08000198   Section        0  entry10a.o(.ARM.Collect$$$$0000000D)
    .ARM.Collect$$$$0000000F                 0x08000198   Section        0  entry11a.o(.ARM.Collect$$$$0000000F)
    .ARM.Collect$$$$00002712                 0x08000198   Section        4  entry2.o(.ARM.Collect$$$$00002712)
    __lit__00000000                          0x08000198   Data           4  entry2.o(.ARM.Collect$$$$00002712)
    .text                                    0x0800019c   Section       36  startup_stm32f407xx.o(.text)
    $v0                                      0x0800019c   Number         0  startup_stm32f407xx.o(.text)
    .text                                    0x080001c0   Section        0  uldiv.o(.text)
    .text                                    0x08000222   Section        0  dmul.o(.text)
    .text                                    0x08000306   Section        0  dfltui.o(.text)
    .text                                    0x08000320   Section        0  dfixui.o(.text)
    .text                                    0x08000352   Section        0  llshl.o(.text)
    .text                                    0x08000370   Section        0  llushr.o(.text)
    .text                                    0x08000390   Section        0  depilogue.o(.text)
    .text                                    0x08000390   Section        0  iusefp.o(.text)
    .text                                    0x0800044c   Section       36  init.o(.text)
    i.DESELECT                               0x08000470   Section        0  fatfs_sd.o(i.DESELECT)
    DESELECT                                 0x08000471   Thumb Code    10  fatfs_sd.o(i.DESELECT)
    i.FATFS_LinkDriver                       0x08000480   Section        0  ff_gen_drv.o(i.FATFS_LinkDriver)
    i.FATFS_LinkDriverEx                     0x08000488   Section        0  ff_gen_drv.o(i.FATFS_LinkDriverEx)
    i.HAL_GPIO_Init                          0x080004c8   Section        0  stm32f4xx_hal_gpio.o(i.HAL_GPIO_Init)
    i.HAL_GPIO_WritePin                      0x08000678   Section        0  stm32f4xx_hal_gpio.o(i.HAL_GPIO_WritePin)
    i.HAL_GetTick                            0x08000684   Section        0  stm32f4xx_hal.o(i.HAL_GetTick)
    i.HAL_IncTick                            0x08000690   Section        0  stm32f4xx_hal.o(i.HAL_IncTick)
    i.HAL_Init                               0x080006a0   Section        0  stm32f4xx_hal.o(i.HAL_Init)
    i.HAL_InitTick                           0x080006d4   Section        0  stm32f4xx_hal.o(i.HAL_InitTick)
    i.HAL_MspInit                            0x08000714   Section        0  stm32f4xx_hal_msp.o(i.HAL_MspInit)
    i.HAL_NVIC_SetPriority                   0x0800076c   Section        0  stm32f4xx_hal_cortex.o(i.HAL_NVIC_SetPriority)
    i.HAL_NVIC_SetPriorityGrouping           0x080007ac   Section        0  stm32f4xx_hal_cortex.o(i.HAL_NVIC_SetPriorityGrouping)
    i.HAL_RCC_ClockConfig                    0x080007d0   Section        0  stm32f4xx_hal_rcc.o(i.HAL_RCC_ClockConfig)
    i.HAL_RCC_GetHCLKFreq                    0x08000900   Section        0  stm32f4xx_hal_rcc.o(i.HAL_RCC_GetHCLKFreq)
    i.HAL_RCC_GetSysClockFreq                0x0800090c   Section        0  stm32f4xx_hal_rcc.o(i.HAL_RCC_GetSysClockFreq)
    i.HAL_RCC_OscConfig                      0x0800096c   Section        0  stm32f4xx_hal_rcc.o(i.HAL_RCC_OscConfig)
    i.HAL_SPI_GetState                       0x08000c88   Section        0  stm32f4xx_hal_spi.o(i.HAL_SPI_GetState)
    i.HAL_SPI_Init                           0x08000c8e   Section        0  stm32f4xx_hal_spi.o(i.HAL_SPI_Init)
    i.HAL_SPI_MspInit                        0x08000d10   Section        0  stm32f4xx_hal_msp.o(i.HAL_SPI_MspInit)
    i.HAL_SPI_Transmit                       0x08000d5c   Section        0  stm32f4xx_hal_spi.o(i.HAL_SPI_Transmit)
    i.HAL_SPI_TransmitReceive                0x08000ec4   Section        0  stm32f4xx_hal_spi.o(i.HAL_SPI_TransmitReceive)
    i.HAL_SYSTICK_CLKSourceConfig            0x0800109c   Section        0  stm32f4xx_hal_cortex.o(i.HAL_SYSTICK_CLKSourceConfig)
    i.HAL_SYSTICK_Callback                   0x080010b4   Section        0  stm32f4xx_hal_cortex.o(i.HAL_SYSTICK_Callback)
    i.HAL_SYSTICK_Config                     0x080010b6   Section        0  stm32f4xx_hal_cortex.o(i.HAL_SYSTICK_Config)
    i.HAL_SYSTICK_IRQHandler                 0x080010de   Section        0  stm32f4xx_hal_cortex.o(i.HAL_SYSTICK_IRQHandler)
    i.MX_FATFS_Init                          0x080010e8   Section        0  fatfs.o(i.MX_FATFS_Init)
    i.MX_SPI1_Init                           0x08001104   Section        0  main.o(i.MX_SPI1_Init)
    MX_SPI1_Init                             0x08001105   Thumb Code    56  main.o(i.MX_SPI1_Init)
    i.NVIC_SetPriority                       0x08001144   Section        0  stm32f4xx_hal_cortex.o(i.NVIC_SetPriority)
    NVIC_SetPriority                         0x08001145   Thumb Code    32  stm32f4xx_hal_cortex.o(i.NVIC_SetPriority)
    i.PendSV_Handler                         0x08001164   Section        0  stm32f4xx_it.o(i.PendSV_Handler)
    i.SDTimer_Handler                        0x08001168   Section        0  stm32f4xx_it.o(i.SDTimer_Handler)
    i.SD_PowerOn                             0x08001188   Section        0  fatfs_sd.o(i.SD_PowerOn)
    SD_PowerOn                               0x08001189   Thumb Code   108  fatfs_sd.o(i.SD_PowerOn)
    i.SD_ReadyWait                           0x080011f8   Section        0  fatfs_sd.o(i.SD_ReadyWait)
    SD_ReadyWait                             0x080011f9   Thumb Code    28  fatfs_sd.o(i.SD_ReadyWait)
    i.SD_RxDataBlock                         0x08001218   Section        0  fatfs_sd.o(i.SD_RxDataBlock)
    SD_RxDataBlock                           0x08001219   Thumb Code    76  fatfs_sd.o(i.SD_RxDataBlock)
    i.SD_SendCmd                             0x08001268   Section        0  fatfs_sd.o(i.SD_SendCmd)
    SD_SendCmd                               0x08001269   Thumb Code   110  fatfs_sd.o(i.SD_SendCmd)
    i.SD_TxDataBlock                         0x080012d8   Section        0  fatfs_sd.o(i.SD_TxDataBlock)
    SD_TxDataBlock                           0x080012d9   Thumb Code   106  fatfs_sd.o(i.SD_TxDataBlock)
    i.SD_disk_initialize                     0x08001344   Section        0  fatfs_sd.o(i.SD_disk_initialize)
    i.SD_disk_ioctl                          0x0800147c   Section        0  fatfs_sd.o(i.SD_disk_ioctl)
    i.SD_disk_read                           0x080015c0   Section        0  fatfs_sd.o(i.SD_disk_read)
    i.SD_disk_status                         0x08001658   Section        0  fatfs_sd.o(i.SD_disk_status)
    i.SD_disk_write                          0x08001668   Section        0  fatfs_sd.o(i.SD_disk_write)
    i.SELECT                                 0x08001720   Section        0  fatfs_sd.o(i.SELECT)
    SELECT                                   0x08001721   Thumb Code    10  fatfs_sd.o(i.SELECT)
    i.SPI_CheckFlag_BSY                      0x08001730   Section        0  stm32f4xx_hal_spi.o(i.SPI_CheckFlag_BSY)
    SPI_CheckFlag_BSY                        0x08001731   Thumb Code    32  stm32f4xx_hal_spi.o(i.SPI_CheckFlag_BSY)
    i.SPI_RxByte                             0x08001750   Section        0  fatfs_sd.o(i.SPI_RxByte)
    SPI_RxByte                               0x08001751   Thumb Code    48  fatfs_sd.o(i.SPI_RxByte)
    i.SPI_TxByte                             0x08001784   Section        0  fatfs_sd.o(i.SPI_TxByte)
    SPI_TxByte                               0x08001785   Thumb Code    28  fatfs_sd.o(i.SPI_TxByte)
    i.SPI_WaitFlagStateUntilTimeout          0x080017a4   Section        0  stm32f4xx_hal_spi.o(i.SPI_WaitFlagStateUntilTimeout)
    SPI_WaitFlagStateUntilTimeout            0x080017a5   Thumb Code   150  stm32f4xx_hal_spi.o(i.SPI_WaitFlagStateUntilTimeout)
    i.SVC_Handler                            0x0800183a   Section        0  stm32f4xx_it.o(i.SVC_Handler)
    i.SysTick_Handler                        0x0800183c   Section        0  stm32f4xx_it.o(i.SysTick_Handler)
    i.SystemClock_Config                     0x08001864   Section        0  main.o(i.SystemClock_Config)
    i.SystemInit                             0x08001900   Section        0  system_stm32f4xx.o(i.SystemInit)
    i.USER_initialize                        0x08001954   Section        0  user_diskio.o(i.USER_initialize)
    i.USER_ioctl                             0x08001958   Section        0  user_diskio.o(i.USER_ioctl)
    i.USER_read                              0x0800195c   Section        0  user_diskio.o(i.USER_read)
    i.USER_status                            0x08001960   Section        0  user_diskio.o(i.USER_status)
    i.USER_write                             0x08001964   Section        0  user_diskio.o(i.USER_write)
    i.__scatterload_copy                     0x08001968   Section       14  handlers.o(i.__scatterload_copy)
    i.__scatterload_null                     0x08001976   Section        2  handlers.o(i.__scatterload_null)
    i.__scatterload_zeroinit                 0x08001978   Section       14  handlers.o(i.__scatterload_zeroinit)
    i.check_fs                               0x08001988   Section        0  ff.o(i.check_fs)
    check_fs                                 0x08001989   Thumb Code   102  ff.o(i.check_fs)
    i.chk_chr                                0x080019f8   Section        0  ff.o(i.chk_chr)
    chk_chr                                  0x080019f9   Thumb Code    16  ff.o(i.chk_chr)
    i.chk_lock                               0x08001a08   Section        0  ff.o(i.chk_lock)
    chk_lock                                 0x08001a09   Thumb Code    86  ff.o(i.chk_lock)
    i.clear_lock                             0x08001a64   Section        0  ff.o(i.clear_lock)
    clear_lock                               0x08001a65   Thumb Code    28  ff.o(i.clear_lock)
    i.clmt_clust                             0x08001a84   Section        0  ff.o(i.clmt_clust)
    clmt_clust                               0x08001a85   Thumb Code    38  ff.o(i.clmt_clust)
    i.clust2sect                             0x08001aaa   Section        0  ff.o(i.clust2sect)
    clust2sect                               0x08001aab   Thumb Code    24  ff.o(i.clust2sect)
    i.cmp_lfn                                0x08001ac4   Section        0  ff.o(i.cmp_lfn)
    cmp_lfn                                  0x08001ac5   Thumb Code   124  ff.o(i.cmp_lfn)
    i.create_chain                           0x08001b44   Section        0  ff.o(i.create_chain)
    create_chain                             0x08001b45   Thumb Code   164  ff.o(i.create_chain)
    i.create_name                            0x08001be8   Section        0  ff.o(i.create_name)
    create_name                              0x08001be9   Thumb Code   494  ff.o(i.create_name)
    i.dec_lock                               0x08001df0   Section        0  ff.o(i.dec_lock)
    dec_lock                                 0x08001df1   Thumb Code    48  ff.o(i.dec_lock)
    i.dir_find                               0x08001e24   Section        0  ff.o(i.dir_find)
    dir_find                                 0x08001e25   Thumb Code   208  ff.o(i.dir_find)
    i.dir_next                               0x08001ef4   Section        0  ff.o(i.dir_next)
    dir_next                                 0x08001ef5   Thumb Code   258  ff.o(i.dir_next)
    i.dir_register                           0x08001ff8   Section        0  ff.o(i.dir_register)
    dir_register                             0x08001ff9   Thumb Code   480  ff.o(i.dir_register)
    i.dir_sdi                                0x080021dc   Section        0  ff.o(i.dir_sdi)
    dir_sdi                                  0x080021dd   Thumb Code   142  ff.o(i.dir_sdi)
    i.disk_initialize                        0x0800226c   Section        0  diskio.o(i.disk_initialize)
    i.disk_ioctl                             0x08002294   Section        0  diskio.o(i.disk_ioctl)
    i.disk_read                              0x080022b0   Section        0  diskio.o(i.disk_read)
    i.disk_status                            0x080022cc   Section        0  diskio.o(i.disk_status)
    i.disk_write                             0x080022e4   Section        0  diskio.o(i.disk_write)
    i.f_close                                0x08002300   Section        0  ff.o(i.f_close)
    i.f_getfree                              0x08002328   Section        0  ff.o(i.f_getfree)
    i.f_gets                                 0x080023fc   Section        0  ff.o(i.f_gets)
    i.f_mount                                0x08002444   Section        0  ff.o(i.f_mount)
    i.f_open                                 0x0800249c   Section        0  ff.o(i.f_open)
    i.f_puts                                 0x080026b8   Section        0  ff.o(i.f_puts)
    i.f_read                                 0x080026de   Section        0  ff.o(i.f_read)
    i.f_sync                                 0x08002854   Section        0  ff.o(i.f_sync)
    i.f_write                                0x080028e2   Section        0  ff.o(i.f_write)
    i.ff_convert                             0x08002a94   Section        0  ccsbcs.o(i.ff_convert)
    i.ff_wtoupper                            0x08002acc   Section        0  ccsbcs.o(i.ff_wtoupper)
    i.find_volume                            0x08002b4c   Section        0  ff.o(i.find_volume)
    find_volume                              0x08002b4d   Thumb Code   640  ff.o(i.find_volume)
    i.follow_path                            0x08002ddc   Section        0  ff.o(i.follow_path)
    follow_path                              0x08002ddd   Thumb Code   122  ff.o(i.follow_path)
    i.gen_numname                            0x08002e58   Section        0  ff.o(i.gen_numname)
    gen_numname                              0x08002e59   Thumb Code   122  ff.o(i.gen_numname)
    i.get_fat                                0x08002ed8   Section        0  ff.o(i.get_fat)
    get_fat                                  0x08002ed9   Thumb Code   232  ff.o(i.get_fat)
    i.get_fattime                            0x08002fc0   Section        0  fatfs.o(i.get_fattime)
    i.get_ldnumber                           0x08002fc4   Section        0  ff.o(i.get_ldnumber)
    get_ldnumber                             0x08002fc5   Thumb Code    60  ff.o(i.get_ldnumber)
    i.inc_lock                               0x08003000   Section        0  ff.o(i.inc_lock)
    inc_lock                                 0x08003001   Thumb Code   124  ff.o(i.inc_lock)
    i.ld_clust                               0x08003080   Section        0  ff.o(i.ld_clust)
    ld_clust                                 0x08003081   Thumb Code    38  ff.o(i.ld_clust)
    i.ld_dword                               0x080030a6   Section        0  ff.o(i.ld_dword)
    ld_dword                                 0x080030a7   Thumb Code    22  ff.o(i.ld_dword)
    i.ld_word                                0x080030bc   Section        0  ff.o(i.ld_word)
    ld_word                                  0x080030bd   Thumb Code    10  ff.o(i.ld_word)
    i.main                                   0x080030c8   Section        0  main.o(i.main)
    i.mem_cpy                                0x08003220   Section        0  ff.o(i.mem_cpy)
    mem_cpy                                  0x08003221   Thumb Code    18  ff.o(i.mem_cpy)
    i.mem_set                                0x08003234   Section        0  ff.o(i.mem_set)
    mem_set                                  0x08003235   Thumb Code    14  ff.o(i.mem_set)
    i.move_window                            0x08003242   Section        0  ff.o(i.move_window)
    move_window                              0x08003243   Thumb Code    50  ff.o(i.move_window)
    i.put_fat                                0x08003274   Section        0  ff.o(i.put_fat)
    put_fat                                  0x08003275   Thumb Code   292  ff.o(i.put_fat)
    i.putc_bfd                               0x08003398   Section        0  ff.o(i.putc_bfd)
    putc_bfd                                 0x08003399   Thumb Code    70  ff.o(i.putc_bfd)
    i.putc_flush                             0x080033de   Section        0  ff.o(i.putc_flush)
    putc_flush                               0x080033df   Thumb Code    42  ff.o(i.putc_flush)
    i.remove_chain                           0x08003408   Section        0  ff.o(i.remove_chain)
    remove_chain                             0x08003409   Thumb Code   116  ff.o(i.remove_chain)
    i.st_clust                               0x0800347c   Section        0  ff.o(i.st_clust)
    st_clust                                 0x0800347d   Thumb Code    40  ff.o(i.st_clust)
    i.st_dword                               0x080034a4   Section        0  ff.o(i.st_dword)
    st_dword                                 0x080034a5   Thumb Code    16  ff.o(i.st_dword)
    i.st_word                                0x080034b4   Section        0  ff.o(i.st_word)
    st_word                                  0x080034b5   Thumb Code     8  ff.o(i.st_word)
    i.sum_sfn                                0x080034bc   Section        0  ff.o(i.sum_sfn)
    sum_sfn                                  0x080034bd   Thumb Code    26  ff.o(i.sum_sfn)
    i.sync_fs                                0x080034d8   Section        0  ff.o(i.sync_fs)
    sync_fs                                  0x080034d9   Thumb Code   126  ff.o(i.sync_fs)
    i.sync_window                            0x08003560   Section        0  ff.o(i.sync_window)
    sync_window                              0x08003561   Thumb Code    82  ff.o(i.sync_window)
    i.validate                               0x080035b2   Section        0  ff.o(i.validate)
    validate                                 0x080035b3   Thumb Code    50  ff.o(i.validate)
    .constdata                               0x080035e4   Section      170  ff.o(.constdata)
    ExCvt                                    0x080035e4   Data         128  ff.o(.constdata)
    LfnOfs                                   0x08003664   Data          13  ff.o(.constdata)
    cst                                      0x08003672   Data          14  ff.o(.constdata)
    cst32                                    0x08003680   Data          14  ff.o(.constdata)
    .constdata                               0x0800368e   Section      942  ccsbcs.o(.constdata)
    Tbl                                      0x0800368e   Data         256  ccsbcs.o(.constdata)
    cvt1                                     0x0800378e   Data         498  ccsbcs.o(.constdata)
    cvt2                                     0x08003980   Data         188  ccsbcs.o(.constdata)
    .constdata                               0x08003a3c   Section       16  system_stm32f4xx.o(.constdata)
    .data                                    0x20000000   Section        8  ff.o(.data)
    Fsid                                     0x20000000   Data           2  ff.o(.data)
    FatFs                                    0x20000004   Data           4  ff.o(.data)
    .data                                    0x20000008   Section        3  stm32f4xx_it.o(.data)
    .data                                    0x2000000c   Section       20  user_diskio.o(.data)
    .data                                    0x20000020   Section       16  main.o(.data)
    .data                                    0x20000030   Section        5  fatfs.o(.data)
    .data                                    0x20000035   Section        3  fatfs_sd.o(.data)
    Stat                                     0x20000035   Data           1  fatfs_sd.o(.data)
    PowerFlag                                0x20000036   Data           1  fatfs_sd.o(.data)
    CardType                                 0x20000037   Data           1  fatfs_sd.o(.data)
    .data                                    0x20000038   Section       12  stm32f4xx_hal.o(.data)
    .data                                    0x20000044   Section        4  system_stm32f4xx.o(.data)
    .bss                                     0x20000048   Section       12  ff_gen_drv.o(.bss)
    .bss                                     0x20000054   Section      544  ff.o(.bss)
    Files                                    0x20000054   Data          32  ff.o(.bss)
    LfnBuf                                   0x20000074   Data         512  ff.o(.bss)
    .bss                                     0x20000274   Section     8484  main.o(.bss)
    STACK                                    0x20002398   Section     1024  startup_stm32f407xx.o(STACK)

    Global Symbols

    Symbol Name                              Value     Ov Type        Size  Object(Section)

    BuildAttributes$$THM_ISAv4$E$P$D$K$B$S$7EM$VFPi3$EXTD16$VFPS$VFMA$PE$A:L22UL41UL21$X:L11$S22US41US21$IEEE1$IW$USESV6$~STKCKD$USESV7$~SHL$OSPACE$ROPI$EBA8$MICROLIB$REQ8$PRES8$EABIv2 0x00000000   Number         0  anon$$obj.o ABSOLUTE
    __ARM_use_no_argv                        0x00000000   Number         0  main.o ABSOLUTE
    __cpp_initialize__aeabi_                  - Undefined Weak Reference
    __cxa_finalize                            - Undefined Weak Reference
    __decompress                              - Undefined Weak Reference
    _clock_init                               - Undefined Weak Reference
    _microlib_exit                            - Undefined Weak Reference
    __Vectors_Size                           0x00000188   Number         0  startup_stm32f407xx.o ABSOLUTE
    __Vectors                                0x08000000   Data           4  startup_stm32f407xx.o(RESET)
    __Vectors_End                            0x08000188   Data           0  startup_stm32f407xx.o(RESET)
    __main                                   0x08000189   Thumb Code     0  entry.o(.ARM.Collect$$$$00000000)
    _main_stk                                0x08000189   Thumb Code     0  entry2.o(.ARM.Collect$$$$00000001)
    _main_scatterload                        0x0800018d   Thumb Code     0  entry5.o(.ARM.Collect$$$$00000004)
    __main_after_scatterload                 0x08000191   Thumb Code     0  entry5.o(.ARM.Collect$$$$00000004)
    _main_clock                              0x08000191   Thumb Code     0  entry7b.o(.ARM.Collect$$$$00000008)
    _main_cpp_init                           0x08000191   Thumb Code     0  entry8b.o(.ARM.Collect$$$$0000000A)
    _main_init                               0x08000191   Thumb Code     0  entry9a.o(.ARM.Collect$$$$0000000B)
    __rt_final_cpp                           0x08000199   Thumb Code     0  entry10a.o(.ARM.Collect$$$$0000000D)
    __rt_final_exit                          0x08000199   Thumb Code     0  entry11a.o(.ARM.Collect$$$$0000000F)
    Reset_Handler                            0x0800019d   Thumb Code     8  startup_stm32f407xx.o(.text)
    NMI_Handler                              0x080001a5   Thumb Code     2  startup_stm32f407xx.o(.text)
    HardFault_Handler                        0x080001a7   Thumb Code     2  startup_stm32f407xx.o(.text)
    MemManage_Handler                        0x080001a9   Thumb Code     2  startup_stm32f407xx.o(.text)
    BusFault_Handler                         0x080001ab   Thumb Code     2  startup_stm32f407xx.o(.text)
    UsageFault_Handler                       0x080001ad   Thumb Code     2  startup_stm32f407xx.o(.text)
    DebugMon_Handler                         0x080001b1   Thumb Code     2  startup_stm32f407xx.o(.text)
    ADC_IRQHandler                           0x080001b7   Thumb Code     0  startup_stm32f407xx.o(.text)
    CAN1_RX0_IRQHandler                      0x080001b7   Thumb Code     0  startup_stm32f407xx.o(.text)
    CAN1_RX1_IRQHandler                      0x080001b7   Thumb Code     0  startup_stm32f407xx.o(.text)
    CAN1_SCE_IRQHandler                      0x080001b7   Thumb Code     0  startup_stm32f407xx.o(.text)
    CAN1_TX_IRQHandler                       0x080001b7   Thumb Code     0  startup_stm32f407xx.o(.text)
    CAN2_RX0_IRQHandler                      0x080001b7   Thumb Code     0  startup_stm32f407xx.o(.text)
    CAN2_RX1_IRQHandler                      0x080001b7   Thumb Code     0  startup_stm32f407xx.o(.text)
    CAN2_SCE_IRQHandler                      0x080001b7   Thumb Code     0  startup_stm32f407xx.o(.text)
    CAN2_TX_IRQHandler                       0x080001b7   Thumb Code     0  startup_stm32f407xx.o(.text)
    DCMI_IRQHandler                          0x080001b7   Thumb Code     0  startup_stm32f407xx.o(.text)
    DMA1_Stream0_IRQHandler                  0x080001b7   Thumb Code     0  startup_stm32f407xx.o(.text)
    DMA1_Stream1_IRQHandler                  0x080001b7   Thumb Code     0  startup_stm32f407xx.o(.text)
    DMA1_Stream2_IRQHandler                  0x080001b7   Thumb Code     0  startup_stm32f407xx.o(.text)
    DMA1_Stream3_IRQHandler                  0x080001b7   Thumb Code     0  startup_stm32f407xx.o(.text)
    DMA1_Stream4_IRQHandler                  0x080001b7   Thumb Code     0  startup_stm32f407xx.o(.text)
    DMA1_Stream5_IRQHandler                  0x080001b7   Thumb Code     0  startup_stm32f407xx.o(.text)
    DMA1_Stream6_IRQHandler                  0x080001b7   Thumb Code     0  startup_stm32f407xx.o(.text)
    DMA1_Stream7_IRQHandler                  0x080001b7   Thumb Code     0  startup_stm32f407xx.o(.text)
    DMA2_Stream0_IRQHandler                  0x080001b7   Thumb Code     0  startup_stm32f407xx.o(.text)
    DMA2_Stream1_IRQHandler                  0x080001b7   Thumb Code     0  startup_stm32f407xx.o(.text)
    DMA2_Stream2_IRQHandler                  0x080001b7   Thumb Code     0  startup_stm32f407xx.o(.text)
    DMA2_Stream3_IRQHandler                  0x080001b7   Thumb Code     0  startup_stm32f407xx.o(.text)
    DMA2_Stream4_IRQHandler                  0x080001b7   Thumb Code     0  startup_stm32f407xx.o(.text)
    DMA2_Stream5_IRQHandler                  0x080001b7   Thumb Code     0  startup_stm32f407xx.o(.text)
    DMA2_Stream6_IRQHandler                  0x080001b7   Thumb Code     0  startup_stm32f407xx.o(.text)
    DMA2_Stream7_IRQHandler                  0x080001b7   Thumb Code     0  startup_stm32f407xx.o(.text)
    ETH_IRQHandler                           0x080001b7   Thumb Code     0  startup_stm32f407xx.o(.text)
    ETH_WKUP_IRQHandler                      0x080001b7   Thumb Code     0  startup_stm32f407xx.o(.text)
    EXTI0_IRQHandler                         0x080001b7   Thumb Code     0  startup_stm32f407xx.o(.text)
    EXTI15_10_IRQHandler                     0x080001b7   Thumb Code     0  startup_stm32f407xx.o(.text)
    EXTI1_IRQHandler                         0x080001b7   Thumb Code     0  startup_stm32f407xx.o(.text)
    EXTI2_IRQHandler                         0x080001b7   Thumb Code     0  startup_stm32f407xx.o(.text)
    EXTI3_IRQHandler                         0x080001b7   Thumb Code     0  startup_stm32f407xx.o(.text)
    EXTI4_IRQHandler                         0x080001b7   Thumb Code     0  startup_stm32f407xx.o(.text)
    EXTI9_5_IRQHandler                       0x080001b7   Thumb Code     0  startup_stm32f407xx.o(.text)
    FLASH_IRQHandler                         0x080001b7   Thumb Code     0  startup_stm32f407xx.o(.text)
    FMC_IRQHandler                           0x080001b7   Thumb Code     0  startup_stm32f407xx.o(.text)
    FPU_IRQHandler                           0x080001b7   Thumb Code     0  startup_stm32f407xx.o(.text)
    HASH_RNG_IRQHandler                      0x080001b7   Thumb Code     0  startup_stm32f407xx.o(.text)
    I2C1_ER_IRQHandler                       0x080001b7   Thumb Code     0  startup_stm32f407xx.o(.text)
    I2C1_EV_IRQHandler                       0x080001b7   Thumb Code     0  startup_stm32f407xx.o(.text)
    I2C2_ER_IRQHandler                       0x080001b7   Thumb Code     0  startup_stm32f407xx.o(.text)
    I2C2_EV_IRQHandler                       0x080001b7   Thumb Code     0  startup_stm32f407xx.o(.text)
    I2C3_ER_IRQHandler                       0x080001b7   Thumb Code     0  startup_stm32f407xx.o(.text)
    I2C3_EV_IRQHandler                       0x080001b7   Thumb Code     0  startup_stm32f407xx.o(.text)
    OTG_FS_IRQHandler                        0x080001b7   Thumb Code     0  startup_stm32f407xx.o(.text)
    OTG_FS_WKUP_IRQHandler                   0x080001b7   Thumb Code     0  startup_stm32f407xx.o(.text)
    OTG_HS_EP1_IN_IRQHandler                 0x080001b7   Thumb Code     0  startup_stm32f407xx.o(.text)
    OTG_HS_EP1_OUT_IRQHandler                0x080001b7   Thumb Code     0  startup_stm32f407xx.o(.text)
    OTG_HS_IRQHandler                        0x080001b7   Thumb Code     0  startup_stm32f407xx.o(.text)
    OTG_HS_WKUP_IRQHandler                   0x080001b7   Thumb Code     0  startup_stm32f407xx.o(.text)
    PVD_IRQHandler                           0x080001b7   Thumb Code     0  startup_stm32f407xx.o(.text)
    RCC_IRQHandler                           0x080001b7   Thumb Code     0  startup_stm32f407xx.o(.text)
    RTC_Alarm_IRQHandler                     0x080001b7   Thumb Code     0  startup_stm32f407xx.o(.text)
    RTC_WKUP_IRQHandler                      0x080001b7   Thumb Code     0  startup_stm32f407xx.o(.text)
    SDIO_IRQHandler                          0x080001b7   Thumb Code     0  startup_stm32f407xx.o(.text)
    SPI1_IRQHandler                          0x080001b7   Thumb Code     0  startup_stm32f407xx.o(.text)
    SPI2_IRQHandler                          0x080001b7   Thumb Code     0  startup_stm32f407xx.o(.text)
    SPI3_IRQHandler                          0x080001b7   Thumb Code     0  startup_stm32f407xx.o(.text)
    TAMP_STAMP_IRQHandler                    0x080001b7   Thumb Code     0  startup_stm32f407xx.o(.text)
    TIM1_BRK_TIM9_IRQHandler                 0x080001b7   Thumb Code     0  startup_stm32f407xx.o(.text)
    TIM1_CC_IRQHandler                       0x080001b7   Thumb Code     0  startup_stm32f407xx.o(.text)
    TIM1_TRG_COM_TIM11_IRQHandler            0x080001b7   Thumb Code     0  startup_stm32f407xx.o(.text)
    TIM1_UP_TIM10_IRQHandler                 0x080001b7   Thumb Code     0  startup_stm32f407xx.o(.text)
    TIM2_IRQHandler                          0x080001b7   Thumb Code     0  startup_stm32f407xx.o(.text)
    TIM3_IRQHandler                          0x080001b7   Thumb Code     0  startup_stm32f407xx.o(.text)
    TIM4_IRQHandler                          0x080001b7   Thumb Code     0  startup_stm32f407xx.o(.text)
    TIM5_IRQHandler                          0x080001b7   Thumb Code     0  startup_stm32f407xx.o(.text)
    TIM6_DAC_IRQHandler                      0x080001b7   Thumb Code     0  startup_stm32f407xx.o(.text)
    TIM7_IRQHandler                          0x080001b7   Thumb Code     0  startup_stm32f407xx.o(.text)
    TIM8_BRK_TIM12_IRQHandler                0x080001b7   Thumb Code     0  startup_stm32f407xx.o(.text)
    TIM8_CC_IRQHandler                       0x080001b7   Thumb Code     0  startup_stm32f407xx.o(.text)
    TIM8_TRG_COM_TIM14_IRQHandler            0x080001b7   Thumb Code     0  startup_stm32f407xx.o(.text)
    TIM8_UP_TIM13_IRQHandler                 0x080001b7   Thumb Code     0  startup_stm32f407xx.o(.text)
    UART4_IRQHandler                         0x080001b7   Thumb Code     0  startup_stm32f407xx.o(.text)
    UART5_IRQHandler                         0x080001b7   Thumb Code     0  startup_stm32f407xx.o(.text)
    USART1_IRQHandler                        0x080001b7   Thumb Code     0  startup_stm32f407xx.o(.text)
    USART2_IRQHandler                        0x080001b7   Thumb Code     0  startup_stm32f407xx.o(.text)
    USART3_IRQHandler                        0x080001b7   Thumb Code     0  startup_stm32f407xx.o(.text)
    USART6_IRQHandler                        0x080001b7   Thumb Code     0  startup_stm32f407xx.o(.text)
    WWDG_IRQHandler                          0x080001b7   Thumb Code     0  startup_stm32f407xx.o(.text)
    __aeabi_uldivmod                         0x080001c1   Thumb Code    98  uldiv.o(.text)
    __aeabi_dmul                             0x08000223   Thumb Code   228  dmul.o(.text)
    __aeabi_ui2d                             0x08000307   Thumb Code    26  dfltui.o(.text)
    __aeabi_d2uiz                            0x08000321   Thumb Code    50  dfixui.o(.text)
    __aeabi_llsl                             0x08000353   Thumb Code    30  llshl.o(.text)
    _ll_shift_l                              0x08000353   Thumb Code     0  llshl.o(.text)
    __aeabi_llsr                             0x08000371   Thumb Code    32  llushr.o(.text)
    _ll_ushift_r                             0x08000371   Thumb Code     0  llushr.o(.text)
    __I$use$fp                               0x08000391   Thumb Code     0  iusefp.o(.text)
    _double_round                            0x08000391   Thumb Code    30  depilogue.o(.text)
    _double_epilogue                         0x080003af   Thumb Code   156  depilogue.o(.text)
    __scatterload                            0x0800044d   Thumb Code    28  init.o(.text)
    __scatterload_rt2                        0x0800044d   Thumb Code     0  init.o(.text)
    FATFS_LinkDriver                         0x08000481   Thumb Code     6  ff_gen_drv.o(i.FATFS_LinkDriver)
    FATFS_LinkDriverEx                       0x08000489   Thumb Code    58  ff_gen_drv.o(i.FATFS_LinkDriverEx)
    HAL_GPIO_Init                            0x080004c9   Thumb Code   388  stm32f4xx_hal_gpio.o(i.HAL_GPIO_Init)
    HAL_GPIO_WritePin                        0x08000679   Thumb Code    10  stm32f4xx_hal_gpio.o(i.HAL_GPIO_WritePin)
    HAL_GetTick                              0x08000685   Thumb Code     6  stm32f4xx_hal.o(i.HAL_GetTick)
    HAL_IncTick                              0x08000691   Thumb Code    12  stm32f4xx_hal.o(i.HAL_IncTick)
    HAL_Init                                 0x080006a1   Thumb Code    48  stm32f4xx_hal.o(i.HAL_Init)
    HAL_InitTick                             0x080006d5   Thumb Code    54  stm32f4xx_hal.o(i.HAL_InitTick)
    HAL_MspInit                              0x08000715   Thumb Code    88  stm32f4xx_hal_msp.o(i.HAL_MspInit)
    HAL_NVIC_SetPriority                     0x0800076d   Thumb Code    60  stm32f4xx_hal_cortex.o(i.HAL_NVIC_SetPriority)
    HAL_NVIC_SetPriorityGrouping             0x080007ad   Thumb Code    26  stm32f4xx_hal_cortex.o(i.HAL_NVIC_SetPriorityGrouping)
    HAL_RCC_ClockConfig                      0x080007d1   Thumb Code   286  stm32f4xx_hal_rcc.o(i.HAL_RCC_ClockConfig)
    HAL_RCC_GetHCLKFreq                      0x08000901   Thumb Code     6  stm32f4xx_hal_rcc.o(i.HAL_RCC_GetHCLKFreq)
    HAL_RCC_GetSysClockFreq                  0x0800090d   Thumb Code    88  stm32f4xx_hal_rcc.o(i.HAL_RCC_GetSysClockFreq)
    HAL_RCC_OscConfig                        0x0800096d   Thumb Code   770  stm32f4xx_hal_rcc.o(i.HAL_RCC_OscConfig)
    HAL_SPI_GetState                         0x08000c89   Thumb Code     6  stm32f4xx_hal_spi.o(i.HAL_SPI_GetState)
    HAL_SPI_Init                             0x08000c8f   Thumb Code   128  stm32f4xx_hal_spi.o(i.HAL_SPI_Init)
    HAL_SPI_MspInit                          0x08000d11   Thumb Code    62  stm32f4xx_hal_msp.o(i.HAL_SPI_MspInit)
    HAL_SPI_Transmit                         0x08000d5d   Thumb Code   360  stm32f4xx_hal_spi.o(i.HAL_SPI_Transmit)
    HAL_SPI_TransmitReceive                  0x08000ec5   Thumb Code   472  stm32f4xx_hal_spi.o(i.HAL_SPI_TransmitReceive)
    HAL_SYSTICK_CLKSourceConfig              0x0800109d   Thumb Code    24  stm32f4xx_hal_cortex.o(i.HAL_SYSTICK_CLKSourceConfig)
    HAL_SYSTICK_Callback                     0x080010b5   Thumb Code     2  stm32f4xx_hal_cortex.o(i.HAL_SYSTICK_Callback)
    HAL_SYSTICK_Config                       0x080010b7   Thumb Code    40  stm32f4xx_hal_cortex.o(i.HAL_SYSTICK_Config)
    HAL_SYSTICK_IRQHandler                   0x080010df   Thumb Code     8  stm32f4xx_hal_cortex.o(i.HAL_SYSTICK_IRQHandler)
    MX_FATFS_Init                            0x080010e9   Thumb Code    18  fatfs.o(i.MX_FATFS_Init)
    PendSV_Handler                           0x08001165   Thumb Code     2  stm32f4xx_it.o(i.PendSV_Handler)
    SDTimer_Handler                          0x08001169   Thumb Code    26  stm32f4xx_it.o(i.SDTimer_Handler)
    SD_disk_initialize                       0x08001345   Thumb Code   304  fatfs_sd.o(i.SD_disk_initialize)
    SD_disk_ioctl                            0x0800147d   Thumb Code   318  fatfs_sd.o(i.SD_disk_ioctl)
    SD_disk_read                             0x080015c1   Thumb Code   146  fatfs_sd.o(i.SD_disk_read)
    SD_disk_status                           0x08001659   Thumb Code    12  fatfs_sd.o(i.SD_disk_status)
    SD_disk_write                            0x08001669   Thumb Code   178  fatfs_sd.o(i.SD_disk_write)
    SVC_Handler                              0x0800183b   Thumb Code     2  stm32f4xx_it.o(i.SVC_Handler)
    SysTick_Handler                          0x0800183d   Thumb Code    36  stm32f4xx_it.o(i.SysTick_Handler)
    SystemClock_Config                       0x08001865   Thumb Code   146  main.o(i.SystemClock_Config)
    SystemInit                               0x08001901   Thumb Code    66  system_stm32f4xx.o(i.SystemInit)
    USER_initialize                          0x08001955   Thumb Code     4  user_diskio.o(i.USER_initialize)
    USER_ioctl                               0x08001959   Thumb Code     4  user_diskio.o(i.USER_ioctl)
    USER_read                                0x0800195d   Thumb Code     4  user_diskio.o(i.USER_read)
    USER_status                              0x08001961   Thumb Code     4  user_diskio.o(i.USER_status)
    USER_write                               0x08001965   Thumb Code     4  user_diskio.o(i.USER_write)
    __scatterload_copy                       0x08001969   Thumb Code    14  handlers.o(i.__scatterload_copy)
    __scatterload_null                       0x08001977   Thumb Code     2  handlers.o(i.__scatterload_null)
    __scatterload_zeroinit                   0x08001979   Thumb Code    14  handlers.o(i.__scatterload_zeroinit)
    disk_initialize                          0x0800226d   Thumb Code    36  diskio.o(i.disk_initialize)
    disk_ioctl                               0x08002295   Thumb Code    24  diskio.o(i.disk_ioctl)
    disk_read                                0x080022b1   Thumb Code    24  diskio.o(i.disk_read)
    disk_status                              0x080022cd   Thumb Code    18  diskio.o(i.disk_status)
    disk_write                               0x080022e5   Thumb Code    24  diskio.o(i.disk_write)
    f_close                                  0x08002301   Thumb Code    40  ff.o(i.f_close)
    f_getfree                                0x08002329   Thumb Code   212  ff.o(i.f_getfree)
    f_gets                                   0x080023fd   Thumb Code    72  ff.o(i.f_gets)
    f_mount                                  0x08002445   Thumb Code    84  ff.o(i.f_mount)
    f_open                                   0x0800249d   Thumb Code   534  ff.o(i.f_open)
    f_puts                                   0x080026b9   Thumb Code    38  ff.o(i.f_puts)
    f_read                                   0x080026df   Thumb Code   374  ff.o(i.f_read)
    f_sync                                   0x08002855   Thumb Code   142  ff.o(i.f_sync)
    f_write                                  0x080028e3   Thumb Code   434  ff.o(i.f_write)
    ff_convert                               0x08002a95   Thumb Code    52  ccsbcs.o(i.ff_convert)
    ff_wtoupper                              0x08002acd   Thumb Code   120  ccsbcs.o(i.ff_wtoupper)
    get_fattime                              0x08002fc1   Thumb Code     4  fatfs.o(i.get_fattime)
    main                                     0x080030c9   Thumb Code   274  main.o(i.main)
    AHBPrescTable                            0x08003a3c   Data          16  system_stm32f4xx.o(.constdata)
    Region$$Table$$Base                      0x08003a4c   Number         0  anon$$obj.o(Region$$Table)
    Region$$Table$$Limit                     0x08003a6c   Number         0  anon$$obj.o(Region$$Table)
    FatFsCnt                                 0x20000008   Data           1  stm32f4xx_it.o(.data)
    Timer1                                   0x20000009   Data           1  stm32f4xx_it.o(.data)
    Timer2                                   0x2000000a   Data           1  stm32f4xx_it.o(.data)
    USER_Driver                              0x2000000c   Data          20  user_diskio.o(.data)
    pfs                                      0x20000020   Data           4  main.o(.data)
    fre_clust                                0x20000024   Data           4  main.o(.data)
    total                                    0x20000028   Data           4  main.o(.data)
    free1                                    0x2000002c   Data           4  main.o(.data)
    retUSER                                  0x20000030   Data           1  fatfs.o(.data)
    USERPath                                 0x20000031   Data           4  fatfs.o(.data)
    uwTickFreq                               0x20000038   Data           1  stm32f4xx_hal.o(.data)
    uwTickPrio                               0x2000003c   Data           4  stm32f4xx_hal.o(.data)
    uwTick                                   0x20000040   Data           4  stm32f4xx_hal.o(.data)
    SystemCoreClock                          0x20000044   Data           4  system_stm32f4xx.o(.data)
    disk                                     0x20000048   Data          12  ff_gen_drv.o(.bss)
    hspi1                                    0x20000274   Data          88  main.o(.bss)
    fs                                       0x200002cc   Data        4152  main.o(.bss)
    fil                                      0x20001304   Data        4144  main.o(.bss)
    buffer                                   0x20002334   Data         100  main.o(.bss)
    __initial_sp                             0x20002798   Data           0  startup_stm32f407xx.o(STACK)



==============================================================================

Memory Map of the image

  Image Entry point : 0x08000189

  Load Region LR_IROM1 (Base: 0x08000000, Size: 0x00003ab4, Max: 0x00100000, ABSOLUTE)

    Execution Region ER_IROM1 (Exec base: 0x08000000, Load base: 0x08000000, Size: 0x00003a6c, Max: 0x00100000, ABSOLUTE)

    Exec Addr    Load Addr    Size         Type   Attr      Idx    E Section Name        Object

    0x08000000   0x08000000   0x00000188   Data   RO            3    RESET               startup_stm32f407xx.o
    0x08000188   0x08000188   0x00000000   Code   RO         2410  * .ARM.Collect$$$$00000000  mc_w.l(entry.o)
    0x08000188   0x08000188   0x00000004   Code   RO         2421    .ARM.Collect$$$$00000001  mc_w.l(entry2.o)
    0x0800018c   0x0800018c   0x00000004   Code   RO         2424    .ARM.Collect$$$$00000004  mc_w.l(entry5.o)
    0x08000190   0x08000190   0x00000000   Code   RO         2426    .ARM.Collect$$$$00000008  mc_w.l(entry7b.o)
    0x08000190   0x08000190   0x00000000   Code   RO         2428    .ARM.Collect$$$$0000000A  mc_w.l(entry8b.o)
    0x08000190   0x08000190   0x00000008   Code   RO         2429    .ARM.Collect$$$$0000000B  mc_w.l(entry9a.o)
    0x08000198   0x08000198   0x00000000   Code   RO         2431    .ARM.Collect$$$$0000000D  mc_w.l(entry10a.o)
    0x08000198   0x08000198   0x00000000   Code   RO         2433    .ARM.Collect$$$$0000000F  mc_w.l(entry11a.o)
    0x08000198   0x08000198   0x00000004   Code   RO         2422    .ARM.Collect$$$$00002712  mc_w.l(entry2.o)
    0x0800019c   0x0800019c   0x00000024   Code   RO            4    .text               startup_stm32f407xx.o
    0x080001c0   0x080001c0   0x00000062   Code   RO         2413    .text               mc_w.l(uldiv.o)
    0x08000222   0x08000222   0x000000e4   Code   RO         2415    .text               mf_w.l(dmul.o)
    0x08000306   0x08000306   0x0000001a   Code   RO         2417    .text               mf_w.l(dfltui.o)
    0x08000320   0x08000320   0x00000032   Code   RO         2419    .text               mf_w.l(dfixui.o)
    0x08000352   0x08000352   0x0000001e   Code   RO         2435    .text               mc_w.l(llshl.o)
    0x08000370   0x08000370   0x00000020   Code   RO         2437    .text               mc_w.l(llushr.o)
    0x08000390   0x08000390   0x00000000   Code   RO         2439    .text               mc_w.l(iusefp.o)
    0x08000390   0x08000390   0x000000ba   Code   RO         2440    .text               mf_w.l(depilogue.o)
    0x0800044a   0x0800044a   0x00000002   PAD
    0x0800044c   0x0800044c   0x00000024   Code   RO         2442    .text               mc_w.l(init.o)
    0x08000470   0x08000470   0x00000010   Code   RO          881    i.DESELECT          fatfs_sd.o
    0x08000480   0x08000480   0x00000006   Code   RO          175    i.FATFS_LinkDriver  ff_gen_drv.o
    0x08000486   0x08000486   0x00000002   PAD
    0x08000488   0x08000488   0x00000040   Code   RO          176    i.FATFS_LinkDriverEx  ff_gen_drv.o
    0x080004c8   0x080004c8   0x000001b0   Code   RO         1476    i.HAL_GPIO_Init     stm32f4xx_hal_gpio.o
    0x08000678   0x08000678   0x0000000a   Code   RO         1480    i.HAL_GPIO_WritePin  stm32f4xx_hal_gpio.o
    0x08000682   0x08000682   0x00000002   PAD
    0x08000684   0x08000684   0x0000000c   Code   RO         1126    i.HAL_GetTick       stm32f4xx_hal.o
    0x08000690   0x08000690   0x00000010   Code   RO         1130    i.HAL_IncTick       stm32f4xx_hal.o
    0x080006a0   0x080006a0   0x00000034   Code   RO         1131    i.HAL_Init          stm32f4xx_hal.o
    0x080006d4   0x080006d4   0x00000040   Code   RO         1132    i.HAL_InitTick      stm32f4xx_hal.o
    0x08000714   0x08000714   0x00000058   Code   RO          689    i.HAL_MspInit       stm32f4xx_hal_msp.o
    0x0800076c   0x0800076c   0x00000040   Code   RO         1349    i.HAL_NVIC_SetPriority  stm32f4xx_hal_cortex.o
    0x080007ac   0x080007ac   0x00000024   Code   RO         1350    i.HAL_NVIC_SetPriorityGrouping  stm32f4xx_hal_cortex.o
    0x080007d0   0x080007d0   0x00000130   Code   RO         1807    i.HAL_RCC_ClockConfig  stm32f4xx_hal_rcc.o
    0x08000900   0x08000900   0x0000000c   Code   RO         1812    i.HAL_RCC_GetHCLKFreq  stm32f4xx_hal_rcc.o
    0x0800090c   0x0800090c   0x00000060   Code   RO         1816    i.HAL_RCC_GetSysClockFreq  stm32f4xx_hal_rcc.o
    0x0800096c   0x0800096c   0x0000031c   Code   RO         1819    i.HAL_RCC_OscConfig  stm32f4xx_hal_rcc.o
    0x08000c88   0x08000c88   0x00000006   Code   RO         2067    i.HAL_SPI_GetState  stm32f4xx_hal_spi.o
    0x08000c8e   0x08000c8e   0x00000080   Code   RO         2069    i.HAL_SPI_Init      stm32f4xx_hal_spi.o
    0x08000d0e   0x08000d0e   0x00000002   PAD
    0x08000d10   0x08000d10   0x0000004c   Code   RO          691    i.HAL_SPI_MspInit   stm32f4xx_hal_msp.o
    0x08000d5c   0x08000d5c   0x00000168   Code   RO         2077    i.HAL_SPI_Transmit  stm32f4xx_hal_spi.o
    0x08000ec4   0x08000ec4   0x000001d8   Code   RO         2078    i.HAL_SPI_TransmitReceive  stm32f4xx_hal_spi.o
    0x0800109c   0x0800109c   0x00000018   Code   RO         1352    i.HAL_SYSTICK_CLKSourceConfig  stm32f4xx_hal_cortex.o
    0x080010b4   0x080010b4   0x00000002   Code   RO         1353    i.HAL_SYSTICK_Callback  stm32f4xx_hal_cortex.o
    0x080010b6   0x080010b6   0x00000028   Code   RO         1354    i.HAL_SYSTICK_Config  stm32f4xx_hal_cortex.o
    0x080010de   0x080010de   0x00000008   Code   RO         1355    i.HAL_SYSTICK_IRQHandler  stm32f4xx_hal_cortex.o
    0x080010e6   0x080010e6   0x00000002   PAD
    0x080010e8   0x080010e8   0x0000001c   Code   RO          843    i.MX_FATFS_Init     fatfs.o
    0x08001104   0x08001104   0x00000040   Code   RO          789    i.MX_SPI1_Init      main.o
    0x08001144   0x08001144   0x00000020   Code   RO         1356    i.NVIC_SetPriority  stm32f4xx_hal_cortex.o
    0x08001164   0x08001164   0x00000002   Code   RO          641    i.PendSV_Handler    stm32f4xx_it.o
    0x08001166   0x08001166   0x00000002   PAD
    0x08001168   0x08001168   0x00000020   Code   RO          642    i.SDTimer_Handler   stm32f4xx_it.o
    0x08001188   0x08001188   0x00000070   Code   RO          882    i.SD_PowerOn        fatfs_sd.o
    0x080011f8   0x080011f8   0x00000020   Code   RO          883    i.SD_ReadyWait      fatfs_sd.o
    0x08001218   0x08001218   0x00000050   Code   RO          884    i.SD_RxDataBlock    fatfs_sd.o
    0x08001268   0x08001268   0x0000006e   Code   RO          885    i.SD_SendCmd        fatfs_sd.o
    0x080012d6   0x080012d6   0x00000002   PAD
    0x080012d8   0x080012d8   0x0000006a   Code   RO          886    i.SD_TxDataBlock    fatfs_sd.o
    0x08001342   0x08001342   0x00000002   PAD
    0x08001344   0x08001344   0x00000138   Code   RO          887    i.SD_disk_initialize  fatfs_sd.o
    0x0800147c   0x0800147c   0x00000144   Code   RO          888    i.SD_disk_ioctl     fatfs_sd.o
    0x080015c0   0x080015c0   0x00000098   Code   RO          889    i.SD_disk_read      fatfs_sd.o
    0x08001658   0x08001658   0x00000010   Code   RO          890    i.SD_disk_status    fatfs_sd.o
    0x08001668   0x08001668   0x000000b8   Code   RO          891    i.SD_disk_write     fatfs_sd.o
    0x08001720   0x08001720   0x00000010   Code   RO          892    i.SELECT            fatfs_sd.o
    0x08001730   0x08001730   0x00000020   Code   RO         2093    i.SPI_CheckFlag_BSY  stm32f4xx_hal_spi.o
    0x08001750   0x08001750   0x00000034   Code   RO          893    i.SPI_RxByte        fatfs_sd.o
    0x08001784   0x08001784   0x00000020   Code   RO          894    i.SPI_TxByte        fatfs_sd.o
    0x080017a4   0x080017a4   0x00000096   Code   RO         2111    i.SPI_WaitFlagStateUntilTimeout  stm32f4xx_hal_spi.o
    0x0800183a   0x0800183a   0x00000002   Code   RO          643    i.SVC_Handler       stm32f4xx_it.o
    0x0800183c   0x0800183c   0x00000028   Code   RO          644    i.SysTick_Handler   stm32f4xx_it.o
    0x08001864   0x08001864   0x0000009c   Code   RO          790    i.SystemClock_Config  main.o
    0x08001900   0x08001900   0x00000054   Code   RO         2376    i.SystemInit        system_stm32f4xx.o
    0x08001954   0x08001954   0x00000004   Code   RO          725    i.USER_initialize   user_diskio.o
    0x08001958   0x08001958   0x00000004   Code   RO          726    i.USER_ioctl        user_diskio.o
    0x0800195c   0x0800195c   0x00000004   Code   RO          727    i.USER_read         user_diskio.o
    0x08001960   0x08001960   0x00000004   Code   RO          728    i.USER_status       user_diskio.o
    0x08001964   0x08001964   0x00000004   Code   RO          729    i.USER_write        user_diskio.o
    0x08001968   0x08001968   0x0000000e   Code   RO         2446    i.__scatterload_copy  mc_w.l(handlers.o)
    0x08001976   0x08001976   0x00000002   Code   RO         2447    i.__scatterload_null  mc_w.l(handlers.o)
    0x08001978   0x08001978   0x0000000e   Code   RO         2448    i.__scatterload_zeroinit  mc_w.l(handlers.o)
    0x08001986   0x08001986   0x00000002   PAD
    0x08001988   0x08001988   0x00000070   Code   RO          249    i.check_fs          ff.o
    0x080019f8   0x080019f8   0x00000010   Code   RO          250    i.chk_chr           ff.o
    0x08001a08   0x08001a08   0x0000005c   Code   RO          251    i.chk_lock          ff.o
    0x08001a64   0x08001a64   0x00000020   Code   RO          252    i.clear_lock        ff.o
    0x08001a84   0x08001a84   0x00000026   Code   RO          253    i.clmt_clust        ff.o
    0x08001aaa   0x08001aaa   0x00000018   Code   RO          254    i.clust2sect        ff.o
    0x08001ac2   0x08001ac2   0x00000002   PAD
    0x08001ac4   0x08001ac4   0x00000080   Code   RO          255    i.cmp_lfn           ff.o
    0x08001b44   0x08001b44   0x000000a4   Code   RO          256    i.create_chain      ff.o
    0x08001be8   0x08001be8   0x00000208   Code   RO          257    i.create_name       ff.o
    0x08001df0   0x08001df0   0x00000034   Code   RO          258    i.dec_lock          ff.o
    0x08001e24   0x08001e24   0x000000d0   Code   RO          259    i.dir_find          ff.o
    0x08001ef4   0x08001ef4   0x00000102   Code   RO          260    i.dir_next          ff.o
    0x08001ff6   0x08001ff6   0x00000002   PAD
    0x08001ff8   0x08001ff8   0x000001e4   Code   RO          262    i.dir_register      ff.o
    0x080021dc   0x080021dc   0x0000008e   Code   RO          264    i.dir_sdi           ff.o
    0x0800226a   0x0800226a   0x00000002   PAD
    0x0800226c   0x0800226c   0x00000028   Code   RO           13    i.disk_initialize   diskio.o
    0x08002294   0x08002294   0x0000001c   Code   RO           14    i.disk_ioctl        diskio.o
    0x080022b0   0x080022b0   0x0000001c   Code   RO           15    i.disk_read         diskio.o
    0x080022cc   0x080022cc   0x00000018   Code   RO           16    i.disk_status       diskio.o
    0x080022e4   0x080022e4   0x0000001c   Code   RO           17    i.disk_write        diskio.o
    0x08002300   0x08002300   0x00000028   Code   RO          265    i.f_close           ff.o
    0x08002328   0x08002328   0x000000d4   Code   RO          267    i.f_getfree         ff.o
    0x080023fc   0x080023fc   0x00000048   Code   RO          268    i.f_gets            ff.o
    0x08002444   0x08002444   0x00000058   Code   RO          272    i.f_mount           ff.o
    0x0800249c   0x0800249c   0x0000021c   Code   RO          273    i.f_open            ff.o
    0x080026b8   0x080026b8   0x00000026   Code   RO          277    i.f_puts            ff.o
    0x080026de   0x080026de   0x00000176   Code   RO          278    i.f_read            ff.o
    0x08002854   0x08002854   0x0000008e   Code   RO          282    i.f_sync            ff.o
    0x080028e2   0x080028e2   0x000001b2   Code   RO          285    i.f_write           ff.o
    0x08002a94   0x08002a94   0x00000038   Code   RO          609    i.ff_convert        ccsbcs.o
    0x08002acc   0x08002acc   0x00000080   Code   RO          610    i.ff_wtoupper       ccsbcs.o
    0x08002b4c   0x08002b4c   0x00000290   Code   RO          286    i.find_volume       ff.o
    0x08002ddc   0x08002ddc   0x0000007a   Code   RO          287    i.follow_path       ff.o
    0x08002e56   0x08002e56   0x00000002   PAD
    0x08002e58   0x08002e58   0x00000080   Code   RO          288    i.gen_numname       ff.o
    0x08002ed8   0x08002ed8   0x000000e8   Code   RO          289    i.get_fat           ff.o
    0x08002fc0   0x08002fc0   0x00000004   Code   RO          844    i.get_fattime       fatfs.o
    0x08002fc4   0x08002fc4   0x0000003c   Code   RO          291    i.get_ldnumber      ff.o
    0x08003000   0x08003000   0x00000080   Code   RO          292    i.inc_lock          ff.o
    0x08003080   0x08003080   0x00000026   Code   RO          293    i.ld_clust          ff.o
    0x080030a6   0x080030a6   0x00000016   Code   RO          294    i.ld_dword          ff.o
    0x080030bc   0x080030bc   0x0000000a   Code   RO          295    i.ld_word           ff.o
    0x080030c6   0x080030c6   0x00000002   PAD
    0x080030c8   0x080030c8   0x00000158   Code   RO          792    i.main              main.o
    0x08003220   0x08003220   0x00000012   Code   RO          296    i.mem_cpy           ff.o
    0x08003232   0x08003232   0x00000002   PAD
    0x08003234   0x08003234   0x0000000e   Code   RO          297    i.mem_set           ff.o
    0x08003242   0x08003242   0x00000032   Code   RO          298    i.move_window       ff.o
    0x08003274   0x08003274   0x00000124   Code   RO          300    i.put_fat           ff.o
    0x08003398   0x08003398   0x00000046   Code   RO          301    i.putc_bfd          ff.o
    0x080033de   0x080033de   0x0000002a   Code   RO          302    i.putc_flush        ff.o
    0x08003408   0x08003408   0x00000074   Code   RO          303    i.remove_chain      ff.o
    0x0800347c   0x0800347c   0x00000028   Code   RO          304    i.st_clust          ff.o
    0x080034a4   0x080034a4   0x00000010   Code   RO          305    i.st_dword          ff.o
    0x080034b4   0x080034b4   0x00000008   Code   RO          306    i.st_word           ff.o
    0x080034bc   0x080034bc   0x0000001a   Code   RO          307    i.sum_sfn           ff.o
    0x080034d6   0x080034d6   0x00000002   PAD
    0x080034d8   0x080034d8   0x00000088   Code   RO          308    i.sync_fs           ff.o
    0x08003560   0x08003560   0x00000052   Code   RO          309    i.sync_window       ff.o
    0x080035b2   0x080035b2   0x00000032   Code   RO          310    i.validate          ff.o
    0x080035e4   0x080035e4   0x000000aa   Data   RO          312    .constdata          ff.o
    0x0800368e   0x0800368e   0x000003ae   Data   RO          611    .constdata          ccsbcs.o
    0x08003a3c   0x08003a3c   0x00000010   Data   RO         2377    .constdata          system_stm32f4xx.o
    0x08003a4c   0x08003a4c   0x00000020   Data   RO         2444    Region$$Table       anon$$obj.o


    Execution Region RW_IRAM1 (Exec base: 0x20000000, Load base: 0x08003a6c, Size: 0x00002798, Max: 0x00020000, ABSOLUTE)

    Exec Addr    Load Addr    Size         Type   Attr      Idx    E Section Name        Object

    0x20000000   0x08003a6c   0x00000008   Data   RW          313    .data               ff.o
    0x20000008   0x08003a74   0x00000003   Data   RW          645    .data               stm32f4xx_it.o
    0x2000000b   0x08003a77   0x00000001   PAD
    0x2000000c   0x08003a78   0x00000014   Data   RW          730    .data               user_diskio.o
    0x20000020   0x08003a8c   0x00000010   Data   RW          794    .data               main.o
    0x20000030   0x08003a9c   0x00000005   Data   RW          847    .data               fatfs.o
    0x20000035   0x08003aa1   0x00000003   Data   RW          895    .data               fatfs_sd.o
    0x20000038   0x08003aa4   0x0000000c   Data   RW         1138    .data               stm32f4xx_hal.o
    0x20000044   0x08003ab0   0x00000004   Data   RW         2379    .data               system_stm32f4xx.o
    0x20000048        -       0x0000000c   Zero   RW          179    .bss                ff_gen_drv.o
    0x20000054        -       0x00000220   Zero   RW          311    .bss                ff.o
    0x20000274        -       0x00002124   Zero   RW          793    .bss                main.o
    0x20002398        -       0x00000400   Zero   RW            1    STACK               startup_stm32f407xx.o


==============================================================================

Image component sizes


      Code (inc. data)   RO Data    RW Data    ZI Data      Debug   Object Name

       184         22        942          0          0       2275   ccsbcs.o
       148         22          0          0          0     657361   diskio.o
        32         10          0          5          0       1500   fatfs.o
      1544         62          0          3          0      12915   fatfs_sd.o
      6566        104        170          8        544      48712   ff.o
        70          6          0          0         12       1643   ff_gen_drv.o
       564         88          0         16       8484       3226   main.o
        36          8        392          0       1024        840   startup_stm32f407xx.o
       144         24          0         12          0       3965   stm32f4xx_hal.o
       206         14          0          0          0      31508   stm32f4xx_hal_cortex.o
       442         44          0          0          0       2436   stm32f4xx_hal_gpio.o
       164         14          0          0          0       1500   stm32f4xx_hal_msp.o
      1208         58          0          0          0       4454   stm32f4xx_hal_rcc.o
      1148          0          0          0          0       6315   stm32f4xx_hal_spi.o
        76         10          0          3          0       2588   stm32f4xx_it.o
         0          0          0          0          0        544   syscall.o
        84         18         16          4          0       1171   system_stm32f4xx.o
        20          0          0         20          0       3448   user_diskio.o

    ----------------------------------------------------------------------
     12664        504       1552         72      10064     786401   Object Totals
         0          0         32          0          0          0   (incl. Generated)
        28          0          0          1          0          0   (incl. Padding)

    ----------------------------------------------------------------------

      Code (inc. data)   RO Data    RW Data    ZI Data      Debug   Library Member Name

         0          0          0          0          0          0   entry.o
         0          0          0          0          0          0   entry10a.o
         0          0          0          0          0          0   entry11a.o
         8          4          0          0          0          0   entry2.o
         4          0          0          0          0          0   entry5.o
         0          0          0          0          0          0   entry7b.o
         0          0          0          0          0          0   entry8b.o
         8          4          0          0          0          0   entry9a.o
        30          0          0          0          0          0   handlers.o
        36          8          0          0          0         68   init.o
         0          0          0          0          0          0   iusefp.o
        30          0          0          0          0         68   llshl.o
        32          0          0          0          0         68   llushr.o
        98          0          0          0          0         92   uldiv.o
       186          0          0          0          0        176   depilogue.o
        50          0          0          0          0         76   dfixui.o
        26          0          0          0          0         76   dfltui.o
       228          0          0          0          0         96   dmul.o

    ----------------------------------------------------------------------
       740         16          0          0          0        720   Library Totals
         4          0          0          0          0          0   (incl. Padding)

    ----------------------------------------------------------------------

      Code (inc. data)   RO Data    RW Data    ZI Data      Debug   Library Name

       246         16          0          0          0        296   mc_w.l
       490          0          0          0          0        424   mf_w.l

    ----------------------------------------------------------------------
       740         16          0          0          0        720   Library Totals

    ----------------------------------------------------------------------

==============================================================================


      Code (inc. data)   RO Data    RW Data    ZI Data      Debug   

     13404        520       1552         72      10064     776813   Grand Totals
     13404        520       1552         72      10064     776813   ELF Image Totals
     13404        520       1552         72          0          0   ROM Totals

==============================================================================

    Total RO  Size (Code + RO Data)                14956 (  14.61kB)
    Total RW  Size (RW Data + ZI Data)             10136 (   9.90kB)
    Total ROM Size (Code + RO Data + RW Data)      15028 (  14.68kB)

==============================================================================

